Archive member included to satisfy reference by file (symbol)

/usr/lib/gcc/x86_64-w64-mingw32/13.1.0/../../../../x86_64-w64-mingw32/lib/../lib/libgdi32.a(libgdi32s00930.o)
                              /tmp/ccjwpHaC.o (__imp_StretchDIBits)
/usr/lib/gcc/x86_64-w64-mingw32/13.1.0/../../../../x86_64-w64-mingw32/lib/../lib/libgdi32.a(libgdi32h.o)
                              /usr/lib/gcc/x86_64-w64-mingw32/13.1.0/../../../../x86_64-w64-mingw32/lib/../lib/libgdi32.a(libgdi32s00930.o) (_head_lib64_libgdi32_a)
/usr/lib/gcc/x86_64-w64-mingw32/13.1.0/../../../../x86_64-w64-mingw32/lib/../lib/libgdi32.a(libgdi32t.o)
                              /usr/lib/gcc/x86_64-w64-mingw32/13.1.0/../../../../x86_64-w64-mingw32/lib/../lib/libgdi32.a(libgdi32h.o) (__lib64_libgdi32_a_iname)
/usr/lib/gcc/x86_64-w64-mingw32/13.1.0/../../../../x86_64-w64-mingw32/lib/../lib/libmingw32.a(lib64_libmingw32_a-crtexewin.o)
                              /usr/lib/gcc/x86_64-w64-mingw32/13.1.0/../../../../x86_64-w64-mingw32/lib/../lib/crt2.o (main)
/usr/lib/gcc/x86_64-w64-mingw32/13.1.0/../../../../x86_64-w64-mingw32/lib/../lib/libmingw32.a(lib64_libmingw32_a-gccmain.o)
                              /usr/lib/gcc/x86_64-w64-mingw32/13.1.0/../../../../x86_64-w64-mingw32/lib/../lib/crt2.o (__main)
/usr/lib/gcc/x86_64-w64-mingw32/13.1.0/../../../../x86_64-w64-mingw32/lib/../lib/libmingw32.a(lib64_libmingw32_a-natstart.o)
                              /usr/lib/gcc/x86_64-w64-mingw32/13.1.0/../../../../x86_64-w64-mingw32/lib/../lib/crt2.o (__native_startup_lock)
/usr/lib/gcc/x86_64-w64-mingw32/13.1.0/../../../../x86_64-w64-mingw32/lib/../lib/libmingw32.a(lib64_libmingw32_a-wildcard.o)
                              /usr/lib/gcc/x86_64-w64-mingw32/13.1.0/../../../../x86_64-w64-mingw32/lib/../lib/crt2.o (_dowildcard)
/usr/lib/gcc/x86_64-w64-mingw32/13.1.0/../../../../x86_64-w64-mingw32/lib/../lib/libmingw32.a(lib64_libmingw32_a-dllargv.o)
                              /usr/lib/gcc/x86_64-w64-mingw32/13.1.0/../../../../x86_64-w64-mingw32/lib/../lib/crt2.o (_setargv)
/usr/lib/gcc/x86_64-w64-mingw32/13.1.0/../../../../x86_64-w64-mingw32/lib/../lib/libmingw32.a(lib64_libmingw32_a-_newmode.o)
                              /usr/lib/gcc/x86_64-w64-mingw32/13.1.0/../../../../x86_64-w64-mingw32/lib/../lib/crt2.o (_newmode)
/usr/lib/gcc/x86_64-w64-mingw32/13.1.0/../../../../x86_64-w64-mingw32/lib/../lib/libmingw32.a(lib64_libmingw32_a-tlssup.o)
                              /usr/lib/gcc/x86_64-w64-mingw32/13.1.0/../../../../x86_64-w64-mingw32/lib/../lib/crt2.o (__mingw_initltssuo_force)
/usr/lib/gcc/x86_64-w64-mingw32/13.1.0/../../../../x86_64-w64-mingw32/lib/../lib/libmingw32.a(lib64_libmingw32_a-xncommod.o)
                              /usr/lib/gcc/x86_64-w64-mingw32/13.1.0/../../../../x86_64-w64-mingw32/lib/../lib/crt2.o (_commode)
/usr/lib/gcc/x86_64-w64-mingw32/13.1.0/../../../../x86_64-w64-mingw32/lib/../lib/libmingw32.a(lib64_libmingw32_a-cinitexe.o)
                              /usr/lib/gcc/x86_64-w64-mingw32/13.1.0/../../../../x86_64-w64-mingw32/lib/../lib/crt2.o (__xc_z)
/usr/lib/gcc/x86_64-w64-mingw32/13.1.0/../../../../x86_64-w64-mingw32/lib/../lib/libmingw32.a(lib64_libmingw32_a-merr.o)
                              /usr/lib/gcc/x86_64-w64-mingw32/13.1.0/../../../../x86_64-w64-mingw32/lib/../lib/crt2.o (_matherr)
/usr/lib/gcc/x86_64-w64-mingw32/13.1.0/../../../../x86_64-w64-mingw32/lib/../lib/libmingw32.a(lib64_libmingw32_a-CRT_fp10.o)
                              /usr/lib/gcc/x86_64-w64-mingw32/13.1.0/../../../../x86_64-w64-mingw32/lib/../lib/crt2.o (_fpreset)
/usr/lib/gcc/x86_64-w64-mingw32/13.1.0/../../../../x86_64-w64-mingw32/lib/../lib/libmingw32.a(lib64_libmingw32_a-mingw_helpers.o)
                              /usr/lib/gcc/x86_64-w64-mingw32/13.1.0/../../../../x86_64-w64-mingw32/lib/../lib/crt2.o (__mingw_app_type)
/usr/lib/gcc/x86_64-w64-mingw32/13.1.0/../../../../x86_64-w64-mingw32/lib/../lib/libmingw32.a(lib64_libmingw32_a-pseudo-reloc.o)
                              /usr/lib/gcc/x86_64-w64-mingw32/13.1.0/../../../../x86_64-w64-mingw32/lib/../lib/crt2.o (_pei386_runtime_relocator)
/usr/lib/gcc/x86_64-w64-mingw32/13.1.0/../../../../x86_64-w64-mingw32/lib/../lib/libmingw32.a(lib64_libmingw32_a-usermatherr.o)
                              /usr/lib/gcc/x86_64-w64-mingw32/13.1.0/../../../../x86_64-w64-mingw32/lib/../lib/crt2.o (__mingw_setusermatherr)
/usr/lib/gcc/x86_64-w64-mingw32/13.1.0/../../../../x86_64-w64-mingw32/lib/../lib/libmingw32.a(lib64_libmingw32_a-xtxtmode.o)
                              /usr/lib/gcc/x86_64-w64-mingw32/13.1.0/../../../../x86_64-w64-mingw32/lib/../lib/crt2.o (_fmode)
/usr/lib/gcc/x86_64-w64-mingw32/13.1.0/../../../../x86_64-w64-mingw32/lib/../lib/libmingw32.a(lib64_libmingw32_a-crt_handler.o)
                              /usr/lib/gcc/x86_64-w64-mingw32/13.1.0/../../../../x86_64-w64-mingw32/lib/../lib/crt2.o (_gnu_exception_handler)
[...]
Memory Configuration

Name             Origin             Length             Attributes
*default*        0x0000000000000000 0xffffffffffffffff

Linker script and memory map

                0x0000000140000000                __image_base__ = 0x140000000
                0x0000000000000000                __dll__ = 0x0
                0x0000000140000000                __ImageBase = 0x140000000
                0x0000000000001000                __section_alignment__ = 0x1000
                0x0000000000000200                __file_alignment__ = 0x200
                0x0000000000000004                __major_os_version__ = 0x4
                0x0000000000000000                __minor_os_version__ = 0x0
                0x0000000000000000                __major_image_version__ = 0x0
                0x0000000000000000                __minor_image_version__ = 0x0
                0x0000000000000005                __major_subsystem_version__ = 0x5
                0x0000000000000002                __minor_subsystem_version__ = 0x2
                0x0000000000000003                __subsystem__ = 0x3
                0x0000000000200000                __size_of_stack_reserve__ = 0x200000
                0x0000000000001000                __size_of_stack_commit__ = 0x1000
                0x0000000000100000                __size_of_heap_reserve__ = 0x100000
                0x0000000000001000                __size_of_heap_commit__ = 0x1000
                0x0000000000000000                __loader_flags__ = 0x0
                0x0000000000000160                __dll_characteristics__ = 0x160
LOAD /usr/lib/gcc/x86_64-w64-mingw32/13.1.0/../../../../x86_64-w64-mingw32/lib/../lib/crt2.o
LOAD /usr/lib/gcc/x86_64-w64-mingw32/13.1.0/crtbegin.o
LOAD /tmp/ccjwpHaC.o
LOAD /usr/lib/gcc/x86_64-w64-mingw32/13.1.0/../../../../x86_64-w64-mingw32/lib/../lib/libgdi32.a
LOAD /usr/lib/gcc/x86_64-w64-mingw32/13.1.0/../../../../x86_64-w64-mingw32/lib/../lib/libmingw32.a
LOAD /usr/lib/gcc/x86_64-w64-mingw32/13.1.0/libgcc.a
LOAD /usr/lib/gcc/x86_64-w64-mingw32/13.1.0/libgcc_eh.a
LOAD /usr/lib/gcc/x86_64-w64-mingw32/13.1.0/../../../../x86_64-w64-mingw32/lib/../lib/libmoldname.a
LOAD /usr/lib/gcc/x86_64-w64-mingw32/13.1.0/../../../../x86_64-w64-mingw32/lib/../lib/libmingwex.a
LOAD /usr/lib/gcc/x86_64-w64-mingw32/13.1.0/../../../../x86_64-w64-mingw32/lib/../lib/libmsvcrt.a
LOAD /usr/lib/gcc/x86_64-w64-mingw32/13.1.0/../../../../x86_64-w64-mingw32/lib/../lib/libkernel32.a
LOAD /usr/lib/gcc/x86_64-w64-mingw32/13.1.0/../../../../x86_64-w64-mingw32/lib/../lib/libpthread.dll.a
LOAD /usr/lib/gcc/x86_64-w64-mingw32/13.1.0/../../../../x86_64-w64-mingw32/lib/../lib/libadvapi32.a
LOAD /usr/lib/gcc/x86_64-w64-mingw32/13.1.0/../../../../x86_64-w64-mingw32/lib/../lib/libshell32.a
LOAD /usr/lib/gcc/x86_64-w64-mingw32/13.1.0/../../../../x86_64-w64-mingw32/lib/../lib/libuser32.a
LOAD /usr/lib/gcc/x86_64-w64-mingw32/13.1.0/../../../../x86_64-w64-mingw32/lib/../lib/libkernel32.a
LOAD /usr/lib/gcc/x86_64-w64-mingw32/13.1.0/../../../../x86_64-w64-mingw32/lib/../lib/libmingw32.a
LOAD /usr/lib/gcc/x86_64-w64-mingw32/13.1.0/libgcc.a
LOAD /usr/lib/gcc/x86_64-w64-mingw32/13.1.0/libgcc_eh.a
LOAD /usr/lib/gcc/x86_64-w64-mingw32/13.1.0/../../../../x86_64-w64-mingw32/lib/../lib/libmoldname.a
LOAD /usr/lib/gcc/x86_64-w64-mingw32/13.1.0/../../../../x86_64-w64-mingw32/lib/../lib/libmingwex.a
LOAD /usr/lib/gcc/x86_64-w64-mingw32/13.1.0/../../../../x86_64-w64-mingw32/lib/../lib/libmsvcrt.a
LOAD /usr/lib/gcc/x86_64-w64-mingw32/13.1.0/../../../../x86_64-w64-mingw32/lib/../lib/libkernel32.a
LOAD /usr/lib/gcc/x86_64-w64-mingw32/13.1.0/crtend.o
                0x00000000000004a8                . = SIZEOF_HEADERS
                0x0000000000001000                . = ALIGN (__section_alignment__)

.text           0x0000000140001000     0x8600
 *(SORT_NONE(.init))
 *(.text)
 .text          0x0000000140001000      0x430 /usr/lib/gcc/x86_64-w64-mingw32/13.1.0/../../../../x86_64-w64-mingw32/lib/../lib/crt2.o
                0x00000001400013d0                WinMainCRTStartup
                0x00000001400013f0                mainCRTStartup
                0x0000000140001410                atexit
 .text          0x0000000140001430      0x110 /usr/lib/gcc/x86_64-w64-mingw32/13.1.0/crtbegin.o
                0x0000000140001430                .weak.__register_frame_info.hmod_libgcc
                0x0000000140001440                .weak.__deregister_frame_info.hmod_libgcc
                0x0000000140001450                __gcc_register_frame
                0x0000000140001500                __gcc_deregister_frame
 .text          0x0000000140001540     0x1470 /tmp/ccjwpHaC.o
                0x0000000140001540                XInputGetStateStub(unsigned long, _XINPUT_STATE*)
                0x0000000140001550                XInputSetStateStub(unsigned long, _XINPUT_VIBRATION*)
                0x00000001400016c0                WinMain
 .text          0x00000001400029b0        0x8 /usr/lib/gcc/x86_64-w64-mingw32/13.1.0/../../../../x86_64-w64-mingw32/lib/../lib/libgdi32.a(libgdi32s00930.o)
                0x00000001400029b0                StretchDIBits
 *fill*         0x00000001400029b8        0x8 
 .text          0x00000001400029c0        0x0 /usr/lib/gcc/x86_64-w64-mingw32/13.1.0/../../../../x86_64-w64-mingw32/lib/../lib/libgdi32.a(libgdi32h.o)
 .text          0x00000001400029c0        0x0 /usr/lib/gcc/x86_64-w64-mingw32/13.1.0/../../../../x86_64-w64-mingw32/lib/../lib/libgdi32.a(libgdi32t.o)
 .text          0x00000001400029c0        0x0 /usr/lib/gcc/x86_64-w64-mingw32/13.1.0/../../../../x86_64-w64-mingw32/lib/../lib/libmingw32.a(lib64_libmingw32_a-crtexewin.o)
 .text          0x00000001400029c0       0xd0 /usr/lib/gcc/x86_64-w64-mingw32/13.1.0/../../../../x86_64-w64-mingw32/lib/../lib/libmingw32.a(lib64_libmingw32_a-gccmain.o)
                0x00000001400029c0                __do_global_dtors
                0x0000000140002a00                __do_global_ctors
                0x0000000140002a70                __main
 .text          0x0000000140002a90        0x0 /usr/lib/gcc/x86_64-w64-mingw32/13.1.0/../../../../x86_64-w64-mingw32/lib/../lib/libmingw32.a(lib64_libmingw32_a-natstart.o)
 .text          0x0000000140002a90        0x0 /usr/lib/gcc/x86_64-w64-mingw32/13.1.0/../../../../x86_64-w64-mingw32/lib/../lib/libmingw32.a(lib64_libmingw32_a-wildcard.o)
 .text          0x0000000140002a90       0x10 /usr/lib/gcc/x86_64-w64-mingw32/13.1.0/../../../../x86_64-w64-mingw32/lib/../lib/libmingw32.a(lib64_libmingw32_a-dllargv.o)
                0x0000000140002a90                _setargv
 .text          0x0000000140002aa0        0x0 /usr/lib/gcc/x86_64-w64-mingw32/13.1.0/../../../../x86_64-w64-mingw32/lib/../lib/libmingw32.a(lib64_libmingw32_a-_newmode.o)
 .text          0x0000000140002aa0       0xd0 /usr/lib/gcc/x86_64-w64-mingw32/13.1.0/../../../../x86_64-w64-mingw32/lib/../lib/libmingw32.a(lib64_libmingw32_a-tlssup.o)
                0x0000000140002ad0                __dyn_tls_init
                0x0000000140002b60                __tlregdtor
 .text          0x0000000140002b70        0x0 /usr/lib/gcc/x86_64-w64-mingw32/13.1.0/../../../../x86_64-w64-mingw32/lib/../lib/libmingw32.a(lib64_libmingw32_a-xncommod.o)
 .text          0x0000000140002b70        0x0 /usr/lib/gcc/x86_64-w64-mingw32/13.1.0/../../../../x86_64-w64-mingw32/lib/../lib/libmingw32.a(lib64_libmingw32_a-cinitexe.o)
 .text          0x0000000140002b70      0x100 /usr/lib/gcc/x86_64-w64-mingw32/13.1.0/../../../../x86_64-w64-mingw32/lib/../lib/libmingw32.a(lib64_libmingw32_a-merr.o)
                0x0000000140002b70                _matherr
 .text          0x0000000140002c70       0x10 /usr/lib/gcc/x86_64-w64-mingw32/13.1.0/../../../../x86_64-w64-mingw32/lib/../lib/libmingw32.a(lib64_libmingw32_a-CRT_fp10.o)
                0x0000000140002c70                _fpreset
                0x0000000140002c70                fpreset
 .text          0x0000000140002c80        0x0 /usr/lib/gcc/x86_64-w64-mingw32/13.1.0/../../../../x86_64-w64-mingw32/lib/../lib/libmingw32.a(lib64_libmingw32_a-mingw_helpers.o)
 .text          0x0000000140002c80      0x540 /usr/lib/gcc/x86_64-w64-mingw32/13.1.0/../../../../x86_64-w64-mingw32/lib/../lib/libmingw32.a(lib64_libmingw32_a-pseudo-reloc.o)
                0x0000000140002e60                _pei386_runtime_relocator
 .text          0x00000001400031c0       0x50 /usr/lib/gcc/x86_64-w64-mingw32/13.1.0/../../../../x86_64-w64-mingw32/lib/../lib/libmingw32.a(lib64_libmingw32_a-usermatherr.o)
                0x00000001400031c0                __mingw_raise_matherr
                0x0000000140003200                __mingw_setusermatherr
 .text          0x0000000140003210        0x0 /usr/lib/gcc/x86_64-w64-mingw32/13.1.0/../../../../x86_64-w64-mingw32/lib/../lib/libmingw32.a(lib64_libmingw32_a-xtxtmode.o)
 .text          0x0000000140003210      0x1a0 /usr/lib/gcc/x86_64-w64-mingw32/13.1.0/../../../../x86_64-w64-mingw32/lib/../lib/libmingw32.a(lib64_libmingw32_a-crt_handler.o)
                0x0000000140003210                _gnu_exception_handler
 .text          0x00000001400033b0      0x270 /usr/lib/gcc/x86_64-w64-mingw32/13.1.0/../../../../x86_64-w64-mingw32/lib/../lib/libmingw32.a(lib64_libmingw32_a-tlsthrd.o)
                0x0000000140003420                ___w64_mingwthr_add_key_dtor
                0x0000000140003490                ___w64_mingwthr_remove_key_dtor
                0x0000000140003520                __mingw_TLScallback
 .text          0x0000000140003620        0x0 /usr/lib/gcc/x86_64-w64-mingw32/13.1.0/../../../../x86_64-w64-mingw32/lib/../lib/libmingw32.a(lib64_libmingw32_a-tlsmcrt.o)
 .text          0x0000000140003620        0x0 /usr/lib/gcc/x86_64-w64-mingw32/13.1.0/../../../../x86_64-w64-mingw32/lib/../lib/libmingw32.a(lib64_libmingw32_a-pseudo-reloc-list.o)
 .text          0x0000000140003620      0x400 /usr/lib/gcc/x86_64-w64-mingw32/13.1.0/../../../../x86_64-w64-mingw32/lib/../lib/libmingw32.a(lib64_libmingw32_a-pesect.o)
                0x0000000140003620                _ValidateImageBase
                0x0000000140003650                _FindPESection
                0x00000001400036a0                _FindPESectionByName
                0x0000000140003740                __mingw_GetSectionForAddress
                0x00000001400037c0                __mingw_GetSectionCount
                0x0000000140003800                _FindPESectionExec
                0x0000000140003880                _GetPEImageBase
                0x00000001400038c0                _IsNonwritableInCurrentImage
                0x0000000140003950                __mingw_enum_import_library_names
 .text          0x0000000140003a20       0x40 /usr/lib/gcc/x86_64-w64-mingw32/13.1.0/libgcc.a(_chkstk_ms.o)
                0x0000000140003a20                ___chkstk_ms
 .text          0x0000000140003a60        0x0 /usr/lib/gcc/x86_64-w64-mingw32/13.1.0/libgcc.a(_ctors.o)
 .text          0x0000000140003a60        0x0 /usr/lib/gcc/x86_64-w64-mingw32/13.1.0/../../../../x86_64-w64-mingw32/lib/../lib/libmingwex.a(lib64_libmingwex_a-mingw_matherr.o)
 .text          0x0000000140003a60       0x50 /usr/lib/gcc/x86_64-w64-mingw32/13.1.0/../../../../x86_64-w64-mingw32/lib/../lib/libmingwex.a(lib64_libmingwex_a-mingw_vfprintf.o)
                0x0000000140003a60                __mingw_vfprintf
 .text          0x0000000140003ab0       0x20 /usr/lib/gcc/x86_64-w64-mingw32/13.1.0/../../../../x86_64-w64-mingw32/lib/../lib/libmingwex.a(lib64_libmingwex_a-sinf.o)
                0x0000000140003ab0                sinf
 .text          0x0000000140003ad0     0x25d0 /usr/lib/gcc/x86_64-w64-mingw32/13.1.0/../../../../x86_64-w64-mingw32/lib/../lib/libmingwex.a(lib64_libmingwex_a-mingw_pformat.o)
                0x00000001400055d0                __mingw_pformat
 .text          0x00000001400060a0      0x110 /usr/lib/gcc/x86_64-w64-mingw32/13.1.0/../../../../x86_64-w64-mingw32/lib/../lib/libmingwex.a(lib64_libmingwex_a-sin.o)
                0x00000001400060a0                sin
 .text          0x00000001400061b0       0x40 /usr/lib/gcc/x86_64-w64-mingw32/13.1.0/../../../../x86_64-w64-mingw32/lib/../lib/libmingwex.a(lib64_libmingwex_a-sinl_internal.o)
                0x00000001400061b0                __sinl_internal
 .text          0x00000001400061f0      0x270 /usr/lib/gcc/x86_64-w64-mingw32/13.1.0/../../../../x86_64-w64-mingw32/lib/../lib/libmingwex.a(lib64_libmingwex_a-dmisc.o)
                0x00000001400061f0                __rv_alloc_D2A
                0x0000000140006230                __nrv_alloc_D2A
                0x00000001400062b0                __freedtoa
                0x00000001400062e0                __quorem_D2A
 .text          0x0000000140006460     0x17e0 /usr/lib/gcc/x86_64-w64-mingw32/13.1.0/../../../../x86_64-w64-mingw32/lib/../lib/libmingwex.a(lib64_libmingwex_a-gdtoa.o)
                0x0000000140006460                __gdtoa
 .text          0x0000000140007c40      0x140 /usr/lib/gcc/x86_64-w64-mingw32/13.1.0/../../../../x86_64-w64-mingw32/lib/../lib/libmingwex.a(lib64_libmingwex_a-gmisc.o)
                0x0000000140007c40                __rshift_D2A
                0x0000000140007d40                __trailz_D2A
 .text          0x0000000140007d80      0xc70 /usr/lib/gcc/x86_64-w64-mingw32/13.1.0/../../../../x86_64-w64-mingw32/lib/../lib/libmingwex.a(lib64_libmingwex_a-misc.o)
                0x0000000140007eb0                __Balloc_D2A
                0x0000000140007fa0                __Bfree_D2A
                0x0000000140008010                __multadd_D2A
                0x00000001400080d0                __i2b_D2A
                0x0000000140008190                __mult_D2A
                0x00000001400082f0                __pow5mult_D2A
                0x0000000140008470                __lshift_D2A
                0x0000000140008580                __cmp_D2A
                0x00000001400085d0                __diff_D2A
                0x00000001400087b0                __b2d_D2A
                0x00000001400088c0                __d2b_D2A
                0x00000001400089c0                __strcp_D2A
 .text          0x00000001400089f0       0x30 /usr/lib/gcc/x86_64-w64-mingw32/13.1.0/../../../../x86_64-w64-mingw32/lib/../lib/libmingwex.a(lib64_libmingwex_a-strnlen.o)
                0x00000001400089f0                strnlen
 .text          0x0000000140008a20       0x30 /usr/lib/gcc/x86_64-w64-mingw32/13.1.0/../../../../x86_64-w64-mingw32/lib/../lib/libmingwex.a(lib64_libmingwex_a-wcsnlen.o)
                0x0000000140008a20                wcsnlen
 .text          0x0000000140008a50       0x10 /usr/lib/gcc/x86_64-w64-mingw32/13.1.0/../../../../x86_64-w64-mingw32/lib/../lib/libmsvcrt.a(lib64_libmsvcrt_extra_a-__p__fmode.o)
                0x0000000140008a50                __p__fmode
 .text          0x0000000140008a60       0x10 /usr/lib/gcc/x86_64-w64-mingw32/13.1.0/../../../../x86_64-w64-mingw32/lib/../lib/libmsvcrt.a(lib64_libmsvcrt_extra_a-__p__commode.o)
                0x0000000140008a60                __p__commode
 .text          0x0000000140008a70       0x10 /usr/lib/gcc/x86_64-w64-mingw32/13.1.0/../../../../x86_64-w64-mingw32/lib/../lib/libmsvcrt.a(lib64_libmsvcrt_extra_a-__p__acmdln.o)
                0x0000000140008a70                __p__acmdln
 .text          0x0000000140008a80       0xd0 /usr/lib/gcc/x86_64-w64-mingw32/13.1.0/../../../../x86_64-w64-mingw32/lib/../lib/libmsvcrt.a(lib64_libmsvcrt_extra_a-mingw_lock.o)
                0x0000000140008a80                _lock_file
                0x0000000140008af0                _unlock_file
 .text          0x0000000140008b50       0x20 /usr/lib/gcc/x86_64-w64-mingw32/13.1.0/../../../../x86_64-w64-mingw32/lib/../lib/libmsvcrt.a(lib64_libmsvcrt_extra_a-invalid_parameter_handler.o)
                0x0000000140008b50                _get_invalid_parameter_handler
                0x0000000140008b60                _set_invalid_parameter_handler
 .text          0x0000000140008b70       0x20 /usr/lib/gcc/x86_64-w64-mingw32/13.1.0/../../../../x86_64-w64-mingw32/lib/../lib/libmsvcrt.a(lib64_libmsvcrt_common_a-acrt_iob_func.o)
                0x0000000140008b70                __acrt_iob_func
 .text          0x0000000140008b90      0x1d0 /usr/lib/gcc/x86_64-w64-mingw32/13.1.0/../../../../x86_64-w64-mingw32/lib/../lib/libmsvcrt.a(lib64_libmsvcrt_common_a-wcrtomb.o)
                0x0000000140008c20                wcrtomb
                0x0000000140008c60                wcsrtombs
 .text          0x0000000140008d60      0x340 /usr/lib/gcc/x86_64-w64-mingw32/13.1.0/../../../../x86_64-w64-mingw32/lib/../lib/libmsvcrt.a(lib64_libmsvcrt_common_a-mbrtowc.o)
                0x0000000140008ec0                mbrtowc
                0x0000000140008f30                mbsrtowcs
                0x0000000140009040                mbrlen
 .text          0x00000001400090a0        0x8 /usr/lib/gcc/x86_64-w64-mingw32/13.1.0/../../../../x86_64-w64-mingw32/lib/../lib/libmsvcrt.a(libmsvcrt_defs00055.o)
                0x00000001400090a0                __C_specific_handler
 .text          0x00000001400090a8        0x8 /usr/lib/gcc/x86_64-w64-mingw32/13.1.0/../../../../x86_64-w64-mingw32/lib/../lib/libmsvcrt.a(libmsvcrt_defs00063.o)
                0x00000001400090a8                ___lc_codepage_func
 .text          0x00000001400090b0        0x8 /usr/lib/gcc/x86_64-w64-mingw32/13.1.0/../../../../x86_64-w64-mingw32/lib/../lib/libmsvcrt.a(libmsvcrt_defs00066.o)
                0x00000001400090b0                ___mb_cur_max_func
 .text          0x00000001400090b8        0x8 /usr/lib/gcc/x86_64-w64-mingw32/13.1.0/../../../../x86_64-w64-mingw32/lib/../lib/libmsvcrt.a(libmsvcrt_defs00081.o)
                0x00000001400090b8                __getmainargs
 .text          0x00000001400090c0        0x0 /usr/lib/gcc/x86_64-w64-mingw32/13.1.0/../../../../x86_64-w64-mingw32/lib/../lib/libmsvcrt.a(libmsvcrt_defs00082.o)
 .text          0x00000001400090c0        0x8 /usr/lib/gcc/x86_64-w64-mingw32/13.1.0/../../../../x86_64-w64-mingw32/lib/../lib/libmsvcrt.a(libmsvcrt_defs00083.o)
                0x00000001400090c0                __iob_func
 .text          0x00000001400090c8        0x8 /usr/lib/gcc/x86_64-w64-mingw32/13.1.0/../../../../x86_64-w64-mingw32/lib/../lib/libmsvcrt.a(libmsvcrt_defs00096.o)
                0x00000001400090c8                __set_app_type
 .text          0x00000001400090d0        0x8 /usr/lib/gcc/x86_64-w64-mingw32/13.1.0/../../../../x86_64-w64-mingw32/lib/../lib/libmsvcrt.a(libmsvcrt_defs00098.o)
                0x00000001400090d0                __setusermatherr
 .text          0x00000001400090d8        0x0 /usr/lib/gcc/x86_64-w64-mingw32/13.1.0/../../../../x86_64-w64-mingw32/lib/../lib/libmsvcrt.a(libmsvcrt_defs00112.o)
 .text          0x00000001400090d8        0x8 /usr/lib/gcc/x86_64-w64-mingw32/13.1.0/../../../../x86_64-w64-mingw32/lib/../lib/libmsvcrt.a(libmsvcrt_defs00119.o)
                0x00000001400090d8                _amsg_exit
 .text          0x00000001400090e0        0x8 /usr/lib/gcc/x86_64-w64-mingw32/13.1.0/../../../../x86_64-w64-mingw32/lib/../lib/libmsvcrt.a(libmsvcrt_defs00137.o)
                0x00000001400090e0                _cexit
 .text          0x00000001400090e8        0x0 /usr/lib/gcc/x86_64-w64-mingw32/13.1.0/../../../../x86_64-w64-mingw32/lib/../lib/libmsvcrt.a(libmsvcrt_defs00149.o)
 .text          0x00000001400090e8        0x8 /usr/lib/gcc/x86_64-w64-mingw32/13.1.0/../../../../x86_64-w64-mingw32/lib/../lib/libmsvcrt.a(libmsvcrt_defs00188.o)
                0x00000001400090e8                _errno
 .text          0x00000001400090f0        0x0 /usr/lib/gcc/x86_64-w64-mingw32/13.1.0/../../../../x86_64-w64-mingw32/lib/../lib/libmsvcrt.a(libmsvcrt_defs00225.o)
 .text          0x00000001400090f0        0x8 /usr/lib/gcc/x86_64-w64-mingw32/13.1.0/../../../../x86_64-w64-mingw32/lib/../lib/libmsvcrt.a(libmsvcrt_defs00291.o)
                0x00000001400090f0                _initterm
 .text          0x00000001400090f8        0x8 /usr/lib/gcc/x86_64-w64-mingw32/13.1.0/../../../../x86_64-w64-mingw32/lib/../lib/libmsvcrt.a(libmsvcrt_defs00317.o)
                0x00000001400090f8                _ismbblead
 .text          0x0000000140009100        0x8 /usr/lib/gcc/x86_64-w64-mingw32/13.1.0/../../../../x86_64-w64-mingw32/lib/../lib/libmsvcrt.a(libmsvcrt_defs00393.o)
                0x0000000140009100                _lock
 .text          0x0000000140009108        0x8 /usr/lib/gcc/x86_64-w64-mingw32/13.1.0/../../../../x86_64-w64-mingw32/lib/../lib/libmsvcrt.a(libmsvcrt_defs00559.o)
                0x0000000140009108                _onexit
 .text          0x0000000140009110        0x8 /usr/lib/gcc/x86_64-w64-mingw32/13.1.0/../../../../x86_64-w64-mingw32/lib/../lib/libmsvcrt.a(libmsvcrt_defs00715.o)
                0x0000000140009110                _unlock
 .text          0x0000000140009118        0x8 /usr/lib/gcc/x86_64-w64-mingw32/13.1.0/../../../../x86_64-w64-mingw32/lib/../lib/libmsvcrt.a(libmsvcrt_defs00904.o)
                0x0000000140009118                abort
 .text          0x0000000140009120        0x8 /usr/lib/gcc/x86_64-w64-mingw32/13.1.0/../../../../x86_64-w64-mingw32/lib/../lib/libmsvcrt.a(libmsvcrt_defs00921.o)
                0x0000000140009120                calloc
 .text          0x0000000140009128        0x8 /usr/lib/gcc/x86_64-w64-mingw32/13.1.0/../../../../x86_64-w64-mingw32/lib/../lib/libmsvcrt.a(libmsvcrt_defs00934.o)
                0x0000000140009128                exit
 .text          0x0000000140009130        0x8 /usr/lib/gcc/x86_64-w64-mingw32/13.1.0/../../../../x86_64-w64-mingw32/lib/../lib/libmsvcrt.a(libmsvcrt_defs00953.o)
                0x0000000140009130                fprintf
 .text          0x0000000140009138        0x8 /usr/lib/gcc/x86_64-w64-mingw32/13.1.0/../../../../x86_64-w64-mingw32/lib/../lib/libmsvcrt.a(libmsvcrt_defs00955.o)
                0x0000000140009138                fputc
 .text          0x0000000140009140        0x8 /usr/lib/gcc/x86_64-w64-mingw32/13.1.0/../../../../x86_64-w64-mingw32/lib/../lib/libmsvcrt.a(libmsvcrt_defs00960.o)
                0x0000000140009140                free
 .text          0x0000000140009148        0x8 /usr/lib/gcc/x86_64-w64-mingw32/13.1.0/../../../../x86_64-w64-mingw32/lib/../lib/libmsvcrt.a(libmsvcrt_defs00971.o)
                0x0000000140009148                fwrite
 .text          0x0000000140009150        0x8 /usr/lib/gcc/x86_64-w64-mingw32/13.1.0/../../../../x86_64-w64-mingw32/lib/../lib/libmsvcrt.a(libmsvcrt_defs01031.o)
                0x0000000140009150                localeconv
 .text          0x0000000140009158        0x8 /usr/lib/gcc/x86_64-w64-mingw32/13.1.0/../../../../x86_64-w64-mingw32/lib/../lib/libmsvcrt.a(libmsvcrt_defs01038.o)
                0x0000000140009158                malloc
 .text          0x0000000140009160        0x8 /usr/lib/gcc/x86_64-w64-mingw32/13.1.0/../../../../x86_64-w64-mingw32/lib/../lib/libmsvcrt.a(libmsvcrt_defs01046.o)
                0x0000000140009160                memcpy
 .text          0x0000000140009168        0x8 /usr/lib/gcc/x86_64-w64-mingw32/13.1.0/../../../../x86_64-w64-mingw32/lib/../lib/libmsvcrt.a(libmsvcrt_defs01048.o)
                0x0000000140009168                memset
 .text          0x0000000140009170        0x8 /usr/lib/gcc/x86_64-w64-mingw32/13.1.0/../../../../x86_64-w64-mingw32/lib/../lib/libmsvcrt.a(libmsvcrt_defs01076.o)
                0x0000000140009170                signal
 .text          0x0000000140009178        0x8 /usr/lib/gcc/x86_64-w64-mingw32/13.1.0/../../../../x86_64-w64-mingw32/lib/../lib/libmsvcrt.a(libmsvcrt_defs01095.o)
                0x0000000140009178                strerror
 .text          0x0000000140009180        0x8 /usr/lib/gcc/x86_64-w64-mingw32/13.1.0/../../../../x86_64-w64-mingw32/lib/../lib/libmsvcrt.a(libmsvcrt_defs01097.o)
                0x0000000140009180                strlen
 .text          0x0000000140009188        0x8 /usr/lib/gcc/x86_64-w64-mingw32/13.1.0/../../../../x86_64-w64-mingw32/lib/../lib/libmsvcrt.a(libmsvcrt_defs01100.o)
                0x0000000140009188                strncmp
 .text          0x0000000140009190        0x8 /usr/lib/gcc/x86_64-w64-mingw32/13.1.0/../../../../x86_64-w64-mingw32/lib/../lib/libmsvcrt.a(libmsvcrt_defs01130.o)
                0x0000000140009190                vfprintf
 .text          0x0000000140009198        0x8 /usr/lib/gcc/x86_64-w64-mingw32/13.1.0/../../../../x86_64-w64-mingw32/lib/../lib/libmsvcrt.a(libmsvcrt_defs01151.o)
                0x0000000140009198                wcslen
 .text          0x00000001400091a0        0x0 /usr/lib/gcc/x86_64-w64-mingw32/13.1.0/../../../../x86_64-w64-mingw32/lib/../lib/libmsvcrt.a(libmsvcrt_defh.o)
 .text          0x00000001400091a0        0x0 /usr/lib/gcc/x86_64-w64-mingw32/13.1.0/../../../../x86_64-w64-mingw32/lib/../lib/libmsvcrt.a(libmsvcrt_deft.o)
 .text          0x00000001400091a0        0x8 /usr/lib/gcc/x86_64-w64-mingw32/13.1.0/../../../../x86_64-w64-mingw32/lib/../lib/libkernel32.a(libkernel32s01563.o)
                0x00000001400091a0                WriteFile
 .text          0x00000001400091a8        0x8 /usr/lib/gcc/x86_64-w64-mingw32/13.1.0/../../../../x86_64-w64-mingw32/lib/../lib/libkernel32.a(libkernel32s01543.o)
                0x00000001400091a8                WideCharToMultiByte
 .text          0x00000001400091b0        0x8 /usr/lib/gcc/x86_64-w64-mingw32/13.1.0/../../../../x86_64-w64-mingw32/lib/../lib/libkernel32.a(libkernel32s01490.o)
                0x00000001400091b0                VirtualQuery
 .text          0x00000001400091b8        0x8 /usr/lib/gcc/x86_64-w64-mingw32/13.1.0/../../../../x86_64-w64-mingw32/lib/../lib/libkernel32.a(libkernel32s01488.o)
                0x00000001400091b8                VirtualProtect
 .text          0x00000001400091c0        0x8 /usr/lib/gcc/x86_64-w64-mingw32/13.1.0/../../../../x86_64-w64-mingw32/lib/../lib/libkernel32.a(libkernel32s01485.o)
                0x00000001400091c0                VirtualFree
 .text          0x00000001400091c8        0x8 /usr/lib/gcc/x86_64-w64-mingw32/13.1.0/../../../../x86_64-w64-mingw32/lib/../lib/libkernel32.a(libkernel32s01482.o)
                0x00000001400091c8                VirtualAlloc
 .text          0x00000001400091d0        0x8 /usr/lib/gcc/x86_64-w64-mingw32/13.1.0/../../../../x86_64-w64-mingw32/lib/../lib/libkernel32.a(libkernel32s01441.o)
                0x00000001400091d0                TlsGetValue
 .text          0x00000001400091d8        0x8 /usr/lib/gcc/x86_64-w64-mingw32/13.1.0/../../../../x86_64-w64-mingw32/lib/../lib/libkernel32.a(libkernel32s01406.o)
                0x00000001400091d8                Sleep
 .text          0x00000001400091e0        0x8 /usr/lib/gcc/x86_64-w64-mingw32/13.1.0/../../../../x86_64-w64-mingw32/lib/../lib/libkernel32.a(libkernel32s01390.o)
                0x00000001400091e0                SetUnhandledExceptionFilter
 .text          0x00000001400091e8        0x8 /usr/lib/gcc/x86_64-w64-mingw32/13.1.0/../../../../x86_64-w64-mingw32/lib/../lib/libkernel32.a(libkernel32s01167.o)
                0x00000001400091e8                ReadFile
 .text          0x00000001400091f0        0x8 /usr/lib/gcc/x86_64-w64-mingw32/13.1.0/../../../../x86_64-w64-mingw32/lib/../lib/libkernel32.a(libkernel32s01129.o)
                0x00000001400091f0                QueryPerformanceFrequency
 .text          0x00000001400091f8        0x8 /usr/lib/gcc/x86_64-w64-mingw32/13.1.0/../../../../x86_64-w64-mingw32/lib/../lib/libkernel32.a(libkernel32s01128.o)
                0x00000001400091f8                QueryPerformanceCounter
 .text          0x0000000140009200        0x8 /usr/lib/gcc/x86_64-w64-mingw32/13.1.0/../../../../x86_64-w64-mingw32/lib/../lib/libkernel32.a(libkernel32s01075.o)
                0x0000000140009200                OutputDebugStringA
 .text          0x0000000140009208        0x8 /usr/lib/gcc/x86_64-w64-mingw32/13.1.0/../../../../x86_64-w64-mingw32/lib/../lib/libkernel32.a(libkernel32s01033.o)
                0x0000000140009208                MultiByteToWideChar
 .text          0x0000000140009210        0x8 /usr/lib/gcc/x86_64-w64-mingw32/13.1.0/../../../../x86_64-w64-mingw32/lib/../lib/libkernel32.a(libkernel32s00985.o)
                0x0000000140009210                LoadLibraryA
 .text          0x0000000140009218        0x8 /usr/lib/gcc/x86_64-w64-mingw32/13.1.0/../../../../x86_64-w64-mingw32/lib/../lib/libkernel32.a(libkernel32s00981.o)
                0x0000000140009218                LeaveCriticalSection
 .text          0x0000000140009220        0x8 /usr/lib/gcc/x86_64-w64-mingw32/13.1.0/../../../../x86_64-w64-mingw32/lib/../lib/libkernel32.a(libkernel32s00916.o)
                0x0000000140009220                IsDBCSLeadByteEx
 .text          0x0000000140009228        0x8 /usr/lib/gcc/x86_64-w64-mingw32/13.1.0/../../../../x86_64-w64-mingw32/lib/../lib/libkernel32.a(libkernel32s00889.o)
                0x0000000140009228                InitializeCriticalSection
 .text          0x0000000140009230        0x8 /usr/lib/gcc/x86_64-w64-mingw32/13.1.0/../../../../x86_64-w64-mingw32/lib/../lib/libkernel32.a(libkernel32s00740.o)
                0x0000000140009230                GetStartupInfoA
 .text          0x0000000140009238        0x8 /usr/lib/gcc/x86_64-w64-mingw32/13.1.0/../../../../x86_64-w64-mingw32/lib/../lib/libkernel32.a(libkernel32s00707.o)
                0x0000000140009238                GetProcAddress
 .text          0x0000000140009240        0x8 /usr/lib/gcc/x86_64-w64-mingw32/13.1.0/../../../../x86_64-w64-mingw32/lib/../lib/libkernel32.a(libkernel32s00648.o)
                0x0000000140009240                GetModuleHandleA
 .text          0x0000000140009248        0x8 /usr/lib/gcc/x86_64-w64-mingw32/13.1.0/../../../../x86_64-w64-mingw32/lib/../lib/libkernel32.a(libkernel32s00627.o)
                0x0000000140009248                GetLastError
 .text          0x0000000140009250        0x8 /usr/lib/gcc/x86_64-w64-mingw32/13.1.0/../../../../x86_64-w64-mingw32/lib/../lib/libkernel32.a(libkernel32s00607.o)
                0x0000000140009250                GetFileSizeEx
 .text          0x0000000140009258        0x8 /usr/lib/gcc/x86_64-w64-mingw32/13.1.0/../../../../x86_64-w64-mingw32/lib/../lib/libkernel32.a(libkernel32s00440.o)
                0x0000000140009258                FreeLibrary
 .text          0x0000000140009260        0x8 /usr/lib/gcc/x86_64-w64-mingw32/13.1.0/../../../../x86_64-w64-mingw32/lib/../lib/libkernel32.a(libkernel32s00316.o)
                0x0000000140009260                EnterCriticalSection
 .text          0x0000000140009268        0x8 /usr/lib/gcc/x86_64-w64-mingw32/13.1.0/../../../../x86_64-w64-mingw32/lib/../lib/libkernel32.a(libkernel32s00280.o)
                0x0000000140009268                DeleteCriticalSection
 .text          0x0000000140009270        0x8 /usr/lib/gcc/x86_64-w64-mingw32/13.1.0/../../../../x86_64-w64-mingw32/lib/../lib/libkernel32.a(libkernel32s00203.o)
                0x0000000140009270                CreateFileA
 .text          0x0000000140009278        0x8 /usr/lib/gcc/x86_64-w64-mingw32/13.1.0/../../../../x86_64-w64-mingw32/lib/../lib/libkernel32.a(libkernel32s00140.o)
                0x0000000140009278                CloseHandle
 .text          0x0000000140009280        0x0 /usr/lib/gcc/x86_64-w64-mingw32/13.1.0/../../../../x86_64-w64-mingw32/lib/../lib/libkernel32.a(libkernel32h.o)
 .text          0x0000000140009280        0x0 /usr/lib/gcc/x86_64-w64-mingw32/13.1.0/../../../../x86_64-w64-mingw32/lib/../lib/libkernel32.a(libkernel32t.o)
 .text          0x0000000140009280        0x8 /usr/lib/gcc/x86_64-w64-mingw32/13.1.0/../../../../x86_64-w64-mingw32/lib/../lib/libuser32.a(libuser32s00896.o)
                0x0000000140009280                TranslateMessage
 .text          0x0000000140009288        0x8 /usr/lib/gcc/x86_64-w64-mingw32/13.1.0/../../../../x86_64-w64-mingw32/lib/../lib/libuser32.a(libuser32s00695.o)
                0x0000000140009288                RegisterClassA
 .text          0x0000000140009290        0x8 /usr/lib/gcc/x86_64-w64-mingw32/13.1.0/../../../../x86_64-w64-mingw32/lib/../lib/libuser32.a(libuser32s00649.o)
                0x0000000140009290                PeekMessageA
 .text          0x0000000140009298        0x8 /usr/lib/gcc/x86_64-w64-mingw32/13.1.0/../../../../x86_64-w64-mingw32/lib/../lib/libuser32.a(libuser32s00318.o)
                0x0000000140009298                GetDC
 .text          0x00000001400092a0        0x8 /usr/lib/gcc/x86_64-w64-mingw32/13.1.0/../../../../x86_64-w64-mingw32/lib/../lib/libuser32.a(libuser32s00303.o)
                0x00000001400092a0                GetClientRect
 .text          0x00000001400092a8        0x8 /usr/lib/gcc/x86_64-w64-mingw32/13.1.0/../../../../x86_64-w64-mingw32/lib/../lib/libuser32.a(libuser32s00240.o)
                0x00000001400092a8                EndPaint
 .text          0x00000001400092b0        0x8 /usr/lib/gcc/x86_64-w64-mingw32/13.1.0/../../../../x86_64-w64-mingw32/lib/../lib/libuser32.a(libuser32s00184.o)
                0x00000001400092b0                DispatchMessageA
 .text          0x00000001400092b8        0x8 /usr/lib/gcc/x86_64-w64-mingw32/13.1.0/../../../../x86_64-w64-mingw32/lib/../lib/libuser32.a(libuser32s00163.o)
                0x00000001400092b8                DefWindowProcA
 .text          0x00000001400092c0        0x8 /usr/lib/gcc/x86_64-w64-mingw32/13.1.0/../../../../x86_64-w64-mingw32/lib/../lib/libuser32.a(libuser32s00114.o)
                0x00000001400092c0                CreateWindowExA
 .text          0x00000001400092c8        0x8 /usr/lib/gcc/x86_64-w64-mingw32/13.1.0/../../../../x86_64-w64-mingw32/lib/../lib/libuser32.a(libuser32s00016.o)
                0x00000001400092c8                BeginPaint
 .text          0x00000001400092d0        0x0 /usr/lib/gcc/x86_64-w64-mingw32/13.1.0/../../../../x86_64-w64-mingw32/lib/../lib/libuser32.a(libuser32h.o)
 .text          0x00000001400092d0        0x0 /usr/lib/gcc/x86_64-w64-mingw32/13.1.0/../../../../x86_64-w64-mingw32/lib/../lib/libuser32.a(libuser32t.o)
 .text          0x00000001400092d0        0x0 /usr/lib/gcc/x86_64-w64-mingw32/13.1.0/crtend.o
 *(SORT_BY_NAME(.text$*))
 .text$_Z6printfPKcz
                0x00000001400092d0       0x50 /tmp/ccjwpHaC.o
                0x00000001400092d0                printf(char const*, ...)
 *(.text.*)
 .text.startup  0x0000000140009320       0xd0 /usr/lib/gcc/x86_64-w64-mingw32/13.1.0/../../../../x86_64-w64-mingw32/lib/../lib/libmingw32.a(lib64_libmingw32_a-crtexewin.o)
                0x0000000140009320                main
 .text.startup  0x00000001400093f0       0x10 /usr/lib/gcc/x86_64-w64-mingw32/13.1.0/crtend.o
 *(.gnu.linkonce.t.*)
 *(.glue_7t)
 *(.glue_7)
                0x0000000140009400                . = ALIGN (0x8)
                0x0000000140009400                ___CTOR_LIST__ = .
                0x0000000140009400                __CTOR_LIST__ = .
                0x0000000140009400        0x4 LONG 0xffffffffffffffff
                0x0000000140009404        0x4 LONG 0xffffffffffffffff
 *(.ctors)
 *(.ctor)
 *(SORT_BY_NAME(.ctors.*))
 .ctors.65535   0x0000000140009408        0x8 /usr/lib/gcc/x86_64-w64-mingw32/13.1.0/crtend.o
                0x0000000140009410        0x4 LONG 0x0
                0x0000000140009414        0x4 LONG 0x0
                0x0000000140009418                ___DTOR_LIST__ = .
                0x0000000140009418                __DTOR_LIST__ = .
                0x0000000140009418        0x4 LONG 0xffffffffffffffff
                0x000000014000941c        0x4 LONG 0xffffffffffffffff
 *(.dtors)
 *(.dtor)
 *(SORT_BY_NAME(.dtors.*))
                0x0000000140009420        0x4 LONG 0x0
                0x0000000140009424        0x4 LONG 0x0
 *(SORT_NONE(.fini))
 *(.gcc_exc)
                [!provide]                        PROVIDE (etext = .)
 *(.gcc_except_table)

.data           0x000000014000a000      0x200
                0x000000014000a000                __data_start__ = .
 *(.data)
 .data          0x000000014000a000        0x0 /usr/lib/gcc/x86_64-w64-mingw32/13.1.0/../../../../x86_64-w64-mingw32/lib/../lib/crt2.o
 .data          0x000000014000a000       0x10 /usr/lib/gcc/x86_64-w64-mingw32/13.1.0/crtbegin.o
 .data          0x000000014000a010       0x10 /tmp/ccjwpHaC.o
 .data          0x000000014000a020        0x0 /usr/lib/gcc/x86_64-w64-mingw32/13.1.0/../../../../x86_64-w64-mingw32/lib/../lib/libgdi32.a(libgdi32s00930.o)
 .data          0x000000014000a020        0x0 /usr/lib/gcc/x86_64-w64-mingw32/13.1.0/../../../../x86_64-w64-mingw32/lib/../lib/libgdi32.a(libgdi32h.o)
 .data          0x000000014000a020        0x0 /usr/lib/gcc/x86_64-w64-mingw32/13.1.0/../../../../x86_64-w64-mingw32/lib/../lib/libgdi32.a(libgdi32t.o)
 .data          0x000000014000a020        0x0 /usr/lib/gcc/x86_64-w64-mingw32/13.1.0/../../../../x86_64-w64-mingw32/lib/../lib/libmingw32.a(lib64_libmingw32_a-crtexewin.o)
 .data          0x000000014000a020       0x10 /usr/lib/gcc/x86_64-w64-mingw32/13.1.0/../../../../x86_64-w64-mingw32/lib/../lib/libmingw32.a(lib64_libmingw32_a-gccmain.o)
 .data          0x000000014000a030       0x10 /usr/lib/gcc/x86_64-w64-mingw32/13.1.0/../../../../x86_64-w64-mingw32/lib/../lib/libmingw32.a(lib64_libmingw32_a-natstart.o)
                0x000000014000a030                __native_vcclrit_reason
                0x000000014000a034                __native_dllmain_reason
 .data          0x000000014000a040       0x10 /usr/lib/gcc/x86_64-w64-mingw32/13.1.0/../../../../x86_64-w64-mingw32/lib/../lib/libmingw32.a(lib64_libmingw32_a-wildcard.o)
                0x000000014000a040                _dowildcard
 .data          0x000000014000a050        0x0 /usr/lib/gcc/x86_64-w64-mingw32/13.1.0/../../../../x86_64-w64-mingw32/lib/../lib/libmingw32.a(lib64_libmingw32_a-dllargv.o)
 .data          0x000000014000a050        0x0 /usr/lib/gcc/x86_64-w64-mingw32/13.1.0/../../../../x86_64-w64-mingw32/lib/../lib/libmingw32.a(lib64_libmingw32_a-_newmode.o)
 .data          0x000000014000a050        0x0 /usr/lib/gcc/x86_64-w64-mingw32/13.1.0/../../../../x86_64-w64-mingw32/lib/../lib/libmingw32.a(lib64_libmingw32_a-tlssup.o)
 .data          0x000000014000a050        0x0 /usr/lib/gcc/x86_64-w64-mingw32/13.1.0/../../../../x86_64-w64-mingw32/lib/../lib/libmingw32.a(lib64_libmingw32_a-xncommod.o)
 .data          0x000000014000a050        0x0 /usr/lib/gcc/x86_64-w64-mingw32/13.1.0/../../../../x86_64-w64-mingw32/lib/../lib/libmingw32.a(lib64_libmingw32_a-cinitexe.o)
 .data          0x000000014000a050        0x0 /usr/lib/gcc/x86_64-w64-mingw32/13.1.0/../../../../x86_64-w64-mingw32/lib/../lib/libmingw32.a(lib64_libmingw32_a-merr.o)
 .data          0x000000014000a050        0x0 /usr/lib/gcc/x86_64-w64-mingw32/13.1.0/../../../../x86_64-w64-mingw32/lib/../lib/libmingw32.a(lib64_libmingw32_a-CRT_fp10.o)
 .data          0x000000014000a050        0x0 /usr/lib/gcc/x86_64-w64-mingw32/13.1.0/../../../../x86_64-w64-mingw32/lib/../lib/libmingw32.a(lib64_libmingw32_a-mingw_helpers.o)
 .data          0x000000014000a050        0x0 /usr/lib/gcc/x86_64-w64-mingw32/13.1.0/../../../../x86_64-w64-mingw32/lib/../lib/libmingw32.a(lib64_libmingw32_a-pseudo-reloc.o)
 .data          0x000000014000a050        0x0 /usr/lib/gcc/x86_64-w64-mingw32/13.1.0/../../../../x86_64-w64-mingw32/lib/../lib/libmingw32.a(lib64_libmingw32_a-usermatherr.o)
 .data          0x000000014000a050        0x0 /usr/lib/gcc/x86_64-w64-mingw32/13.1.0/../../../../x86_64-w64-mingw32/lib/../lib/libmingw32.a(lib64_libmingw32_a-xtxtmode.o)
 .data          0x000000014000a050        0x0 /usr/lib/gcc/x86_64-w64-mingw32/13.1.0/../../../../x86_64-w64-mingw32/lib/../lib/libmingw32.a(lib64_libmingw32_a-crt_handler.o)
 .data          0x000000014000a050        0x0 /usr/lib/gcc/x86_64-w64-mingw32/13.1.0/../../../../x86_64-w64-mingw32/lib/../lib/libmingw32.a(lib64_libmingw32_a-tlsthrd.o)
 .data          0x000000014000a050       0x10 /usr/lib/gcc/x86_64-w64-mingw32/13.1.0/../../../../x86_64-w64-mingw32/lib/../lib/libmingw32.a(lib64_libmingw32_a-tlsmcrt.o)
                0x000000014000a050                _CRT_MT
 .data          0x000000014000a060        0x0 /usr/lib/gcc/x86_64-w64-mingw32/13.1.0/../../../../x86_64-w64-mingw32/lib/../lib/libmingw32.a(lib64_libmingw32_a-pseudo-reloc-list.o)
 .data          0x000000014000a060        0x0 /usr/lib/gcc/x86_64-w64-mingw32/13.1.0/../../../../x86_64-w64-mingw32/lib/../lib/libmingw32.a(lib64_libmingw32_a-pesect.o)
 .data          0x000000014000a060        0x0 /usr/lib/gcc/x86_64-w64-mingw32/13.1.0/libgcc.a(_chkstk_ms.o)
 .data          0x000000014000a060        0x0 /usr/lib/gcc/x86_64-w64-mingw32/13.1.0/libgcc.a(_ctors.o)
 .data          0x000000014000a060       0x10 /usr/lib/gcc/x86_64-w64-mingw32/13.1.0/../../../../x86_64-w64-mingw32/lib/../lib/libmingwex.a(lib64_libmingwex_a-mingw_matherr.o)
                0x000000014000a060                _MINGW_INSTALL_DEBUG_MATHERR
 .data          0x000000014000a070        0x0 /usr/lib/gcc/x86_64-w64-mingw32/13.1.0/../../../../x86_64-w64-mingw32/lib/../lib/libmingwex.a(lib64_libmingwex_a-mingw_vfprintf.o)
 .data          0x000000014000a070        0x0 /usr/lib/gcc/x86_64-w64-mingw32/13.1.0/../../../../x86_64-w64-mingw32/lib/../lib/libmingwex.a(lib64_libmingwex_a-sinf.o)
 .data          0x000000014000a070       0x20 /usr/lib/gcc/x86_64-w64-mingw32/13.1.0/../../../../x86_64-w64-mingw32/lib/../lib/libmingwex.a(lib64_libmingwex_a-mingw_pformat.o)
 .data          0x000000014000a090        0x0 /usr/lib/gcc/x86_64-w64-mingw32/13.1.0/../../../../x86_64-w64-mingw32/lib/../lib/libmingwex.a(lib64_libmingwex_a-sin.o)
 .data          0x000000014000a090        0x0 /usr/lib/gcc/x86_64-w64-mingw32/13.1.0/../../../../x86_64-w64-mingw32/lib/../lib/libmingwex.a(lib64_libmingwex_a-sinl_internal.o)
 .data          0x000000014000a090        0x0 /usr/lib/gcc/x86_64-w64-mingw32/13.1.0/../../../../x86_64-w64-mingw32/lib/../lib/libmingwex.a(lib64_libmingwex_a-dmisc.o)
 .data          0x000000014000a090        0x0 /usr/lib/gcc/x86_64-w64-mingw32/13.1.0/../../../../x86_64-w64-mingw32/lib/../lib/libmingwex.a(lib64_libmingwex_a-gdtoa.o)
 .data          0x000000014000a090        0x0 /usr/lib/gcc/x86_64-w64-mingw32/13.1.0/../../../../x86_64-w64-mingw32/lib/../lib/libmingwex.a(lib64_libmingwex_a-gmisc.o)
 .data          0x000000014000a090       0x10 /usr/lib/gcc/x86_64-w64-mingw32/13.1.0/../../../../x86_64-w64-mingw32/lib/../lib/libmingwex.a(lib64_libmingwex_a-misc.o)
 .data          0x000000014000a0a0        0x0 /usr/lib/gcc/x86_64-w64-mingw32/13.1.0/../../../../x86_64-w64-mingw32/lib/../lib/libmingwex.a(lib64_libmingwex_a-strnlen.o)
 .data          0x000000014000a0a0        0x0 /usr/lib/gcc/x86_64-w64-mingw32/13.1.0/../../../../x86_64-w64-mingw32/lib/../lib/libmingwex.a(lib64_libmingwex_a-wcsnlen.o)
 .data          0x000000014000a0a0       0x10 /usr/lib/gcc/x86_64-w64-mingw32/13.1.0/../../../../x86_64-w64-mingw32/lib/../lib/libmsvcrt.a(lib64_libmsvcrt_extra_a-__p__fmode.o)
                0x000000014000a0a0                __imp___p__fmode
 .data          0x000000014000a0b0       0x10 /usr/lib/gcc/x86_64-w64-mingw32/13.1.0/../../../../x86_64-w64-mingw32/lib/../lib/libmsvcrt.a(lib64_libmsvcrt_extra_a-__p__commode.o)
                0x000000014000a0b0                __imp___p__commode
 .data          0x000000014000a0c0       0x10 /usr/lib/gcc/x86_64-w64-mingw32/13.1.0/../../../../x86_64-w64-mingw32/lib/../lib/libmsvcrt.a(lib64_libmsvcrt_extra_a-__p__acmdln.o)
                0x000000014000a0c0                __imp___p__acmdln
 .data          0x000000014000a0d0       0x10 /usr/lib/gcc/x86_64-w64-mingw32/13.1.0/../../../../x86_64-w64-mingw32/lib/../lib/libmsvcrt.a(lib64_libmsvcrt_extra_a-mingw_lock.o)
                0x000000014000a0d0                __imp__unlock_file
                0x000000014000a0d8                __imp__lock_file
 .data          0x000000014000a0e0       0x10 /usr/lib/gcc/x86_64-w64-mingw32/13.1.0/../../../../x86_64-w64-mingw32/lib/../lib/libmsvcrt.a(lib64_libmsvcrt_extra_a-invalid_parameter_handler.o)
                0x000000014000a0e0                __imp__get_invalid_parameter_handler
                0x000000014000a0e8                __imp__set_invalid_parameter_handler
 .data          0x000000014000a0f0       0x10 /usr/lib/gcc/x86_64-w64-mingw32/13.1.0/../../../../x86_64-w64-mingw32/lib/../lib/libmsvcrt.a(lib64_libmsvcrt_common_a-acrt_iob_func.o)
                0x000000014000a0f0                __imp___acrt_iob_func
 .data          0x000000014000a100        0x0 /usr/lib/gcc/x86_64-w64-mingw32/13.1.0/../../../../x86_64-w64-mingw32/lib/../lib/libmsvcrt.a(lib64_libmsvcrt_common_a-wcrtomb.o)
 .data          0x000000014000a100        0x0 /usr/lib/gcc/x86_64-w64-mingw32/13.1.0/../../../../x86_64-w64-mingw32/lib/../lib/libmsvcrt.a(lib64_libmsvcrt_common_a-mbrtowc.o)
 .data          0x000000014000a100        0x0 /usr/lib/gcc/x86_64-w64-mingw32/13.1.0/../../../../x86_64-w64-mingw32/lib/../lib/libmsvcrt.a(libmsvcrt_defs00055.o)
 .data          0x000000014000a100        0x0 /usr/lib/gcc/x86_64-w64-mingw32/13.1.0/../../../../x86_64-w64-mingw32/lib/../lib/libmsvcrt.a(libmsvcrt_defs00063.o)
 .data          0x000000014000a100        0x0 /usr/lib/gcc/x86_64-w64-mingw32/13.1.0/../../../../x86_64-w64-mingw32/lib/../lib/libmsvcrt.a(libmsvcrt_defs00066.o)
 .data          0x000000014000a100        0x0 /usr/lib/gcc/x86_64-w64-mingw32/13.1.0/../../../../x86_64-w64-mingw32/lib/../lib/libmsvcrt.a(libmsvcrt_defs00081.o)
 .data          0x000000014000a100        0x0 /usr/lib/gcc/x86_64-w64-mingw32/13.1.0/../../../../x86_64-w64-mingw32/lib/../lib/libmsvcrt.a(libmsvcrt_defs00082.o)
 .data          0x000000014000a100        0x0 /usr/lib/gcc/x86_64-w64-mingw32/13.1.0/../../../../x86_64-w64-mingw32/lib/../lib/libmsvcrt.a(libmsvcrt_defs00083.o)
 .data          0x000000014000a100        0x0 /usr/lib/gcc/x86_64-w64-mingw32/13.1.0/../../../../x86_64-w64-mingw32/lib/../lib/libmsvcrt.a(libmsvcrt_defs00096.o)
 .data          0x000000014000a100        0x0 /usr/lib/gcc/x86_64-w64-mingw32/13.1.0/../../../../x86_64-w64-mingw32/lib/../lib/libmsvcrt.a(libmsvcrt_defs00098.o)
 .data          0x000000014000a100        0x0 /usr/lib/gcc/x86_64-w64-mingw32/13.1.0/../../../../x86_64-w64-mingw32/lib/../lib/libmsvcrt.a(libmsvcrt_defs00112.o)
 .data          0x000000014000a100        0x0 /usr/lib/gcc/x86_64-w64-mingw32/13.1.0/../../../../x86_64-w64-mingw32/lib/../lib/libmsvcrt.a(libmsvcrt_defs00119.o)
 .data          0x000000014000a100        0x0 /usr/lib/gcc/x86_64-w64-mingw32/13.1.0/../../../../x86_64-w64-mingw32/lib/../lib/libmsvcrt.a(libmsvcrt_defs00137.o)
 .data          0x000000014000a100        0x0 /usr/lib/gcc/x86_64-w64-mingw32/13.1.0/../../../../x86_64-w64-mingw32/lib/../lib/libmsvcrt.a(libmsvcrt_defs00149.o)
 .data          0x000000014000a100        0x0 /usr/lib/gcc/x86_64-w64-mingw32/13.1.0/../../../../x86_64-w64-mingw32/lib/../lib/libmsvcrt.a(libmsvcrt_defs00188.o)
 .data          0x000000014000a100        0x0 /usr/lib/gcc/x86_64-w64-mingw32/13.1.0/../../../../x86_64-w64-mingw32/lib/../lib/libmsvcrt.a(libmsvcrt_defs00225.o)
 .data          0x000000014000a100        0x0 /usr/lib/gcc/x86_64-w64-mingw32/13.1.0/../../../../x86_64-w64-mingw32/lib/../lib/libmsvcrt.a(libmsvcrt_defs00291.o)
 .data          0x000000014000a100        0x0 /usr/lib/gcc/x86_64-w64-mingw32/13.1.0/../../../../x86_64-w64-mingw32/lib/../lib/libmsvcrt.a(libmsvcrt_defs00317.o)
 .data          0x000000014000a100        0x0 /usr/lib/gcc/x86_64-w64-mingw32/13.1.0/../../../../x86_64-w64-mingw32/lib/../lib/libmsvcrt.a(libmsvcrt_defs00393.o)
 .data          0x000000014000a100        0x0 /usr/lib/gcc/x86_64-w64-mingw32/13.1.0/../../../../x86_64-w64-mingw32/lib/../lib/libmsvcrt.a(libmsvcrt_defs00559.o)
 .data          0x000000014000a100        0x0 /usr/lib/gcc/x86_64-w64-mingw32/13.1.0/../../../../x86_64-w64-mingw32/lib/../lib/libmsvcrt.a(libmsvcrt_defs00715.o)
 .data          0x000000014000a100        0x0 /usr/lib/gcc/x86_64-w64-mingw32/13.1.0/../../../../x86_64-w64-mingw32/lib/../lib/libmsvcrt.a(libmsvcrt_defs00904.o)
 .data          0x000000014000a100        0x0 /usr/lib/gcc/x86_64-w64-mingw32/13.1.0/../../../../x86_64-w64-mingw32/lib/../lib/libmsvcrt.a(libmsvcrt_defs00921.o)
 .data          0x000000014000a100        0x0 /usr/lib/gcc/x86_64-w64-mingw32/13.1.0/../../../../x86_64-w64-mingw32/lib/../lib/libmsvcrt.a(libmsvcrt_defs00934.o)
 .data          0x000000014000a100        0x0 /usr/lib/gcc/x86_64-w64-mingw32/13.1.0/../../../../x86_64-w64-mingw32/lib/../lib/libmsvcrt.a(libmsvcrt_defs00953.o)
 .data          0x000000014000a100        0x0 /usr/lib/gcc/x86_64-w64-mingw32/13.1.0/../../../../x86_64-w64-mingw32/lib/../lib/libmsvcrt.a(libmsvcrt_defs00955.o)
 .data          0x000000014000a100        0x0 /usr/lib/gcc/x86_64-w64-mingw32/13.1.0/../../../../x86_64-w64-mingw32/lib/../lib/libmsvcrt.a(libmsvcrt_defs00960.o)
 .data          0x000000014000a100        0x0 /usr/lib/gcc/x86_64-w64-mingw32/13.1.0/../../../../x86_64-w64-mingw32/lib/../lib/libmsvcrt.a(libmsvcrt_defs00971.o)
 .data          0x000000014000a100        0x0 /usr/lib/gcc/x86_64-w64-mingw32/13.1.0/../../../../x86_64-w64-mingw32/lib/../lib/libmsvcrt.a(libmsvcrt_defs01031.o)
 .data          0x000000014000a100        0x0 /usr/lib/gcc/x86_64-w64-mingw32/13.1.0/../../../../x86_64-w64-mingw32/lib/../lib/libmsvcrt.a(libmsvcrt_defs01038.o)
 .data          0x000000014000a100        0x0 /usr/lib/gcc/x86_64-w64-mingw32/13.1.0/../../../../x86_64-w64-mingw32/lib/../lib/libmsvcrt.a(libmsvcrt_defs01046.o)
 .data          0x000000014000a100        0x0 /usr/lib/gcc/x86_64-w64-mingw32/13.1.0/../../../../x86_64-w64-mingw32/lib/../lib/libmsvcrt.a(libmsvcrt_defs01048.o)
 .data          0x000000014000a100        0x0 /usr/lib/gcc/x86_64-w64-mingw32/13.1.0/../../../../x86_64-w64-mingw32/lib/../lib/libmsvcrt.a(libmsvcrt_defs01076.o)
 .data          0x000000014000a100        0x0 /usr/lib/gcc/x86_64-w64-mingw32/13.1.0/../../../../x86_64-w64-mingw32/lib/../lib/libmsvcrt.a(libmsvcrt_defs01095.o)
 .data          0x000000014000a100        0x0 /usr/lib/gcc/x86_64-w64-mingw32/13.1.0/../../../../x86_64-w64-mingw32/lib/../lib/libmsvcrt.a(libmsvcrt_defs01097.o)
 .data          0x000000014000a100        0x0 /usr/lib/gcc/x86_64-w64-mingw32/13.1.0/../../../../x86_64-w64-mingw32/lib/../lib/libmsvcrt.a(libmsvcrt_defs01100.o)
 .data          0x000000014000a100        0x0 /usr/lib/gcc/x86_64-w64-mingw32/13.1.0/../../../../x86_64-w64-mingw32/lib/../lib/libmsvcrt.a(libmsvcrt_defs01130.o)
 .data          0x000000014000a100        0x0 /usr/lib/gcc/x86_64-w64-mingw32/13.1.0/../../../../x86_64-w64-mingw32/lib/../lib/libmsvcrt.a(libmsvcrt_defs01151.o)
 .data          0x000000014000a100        0x0 /usr/lib/gcc/x86_64-w64-mingw32/13.1.0/../../../../x86_64-w64-mingw32/lib/../lib/libmsvcrt.a(libmsvcrt_defh.o)
 .data          0x000000014000a100        0x0 /usr/lib/gcc/x86_64-w64-mingw32/13.1.0/../../../../x86_64-w64-mingw32/lib/../lib/libmsvcrt.a(libmsvcrt_deft.o)
 .data          0x000000014000a100        0x0 /usr/lib/gcc/x86_64-w64-mingw32/13.1.0/../../../../x86_64-w64-mingw32/lib/../lib/libkernel32.a(libkernel32s01563.o)
 .data          0x000000014000a100        0x0 /usr/lib/gcc/x86_64-w64-mingw32/13.1.0/../../../../x86_64-w64-mingw32/lib/../lib/libkernel32.a(libkernel32s01543.o)
 .data          0x000000014000a100        0x0 /usr/lib/gcc/x86_64-w64-mingw32/13.1.0/../../../../x86_64-w64-mingw32/lib/../lib/libkernel32.a(libkernel32s01490.o)
 .data          0x000000014000a100        0x0 /usr/lib/gcc/x86_64-w64-mingw32/13.1.0/../../../../x86_64-w64-mingw32/lib/../lib/libkernel32.a(libkernel32s01488.o)
 .data          0x000000014000a100        0x0 /usr/lib/gcc/x86_64-w64-mingw32/13.1.0/../../../../x86_64-w64-mingw32/lib/../lib/libkernel32.a(libkernel32s01485.o)
 .data          0x000000014000a100        0x0 /usr/lib/gcc/x86_64-w64-mingw32/13.1.0/../../../../x86_64-w64-mingw32/lib/../lib/libkernel32.a(libkernel32s01482.o)
 .data          0x000000014000a100        0x0 /usr/lib/gcc/x86_64-w64-mingw32/13.1.0/../../../../x86_64-w64-mingw32/lib/../lib/libkernel32.a(libkernel32s01441.o)
 .data          0x000000014000a100        0x0 /usr/lib/gcc/x86_64-w64-mingw32/13.1.0/../../../../x86_64-w64-mingw32/lib/../lib/libkernel32.a(libkernel32s01406.o)
 .data          0x000000014000a100        0x0 /usr/lib/gcc/x86_64-w64-mingw32/13.1.0/../../../../x86_64-w64-mingw32/lib/../lib/libkernel32.a(libkernel32s01390.o)
 .data          0x000000014000a100        0x0 /usr/lib/gcc/x86_64-w64-mingw32/13.1.0/../../../../x86_64-w64-mingw32/lib/../lib/libkernel32.a(libkernel32s01167.o)
 .data          0x000000014000a100        0x0 /usr/lib/gcc/x86_64-w64-mingw32/13.1.0/../../../../x86_64-w64-mingw32/lib/../lib/libkernel32.a(libkernel32s01129.o)
 .data          0x000000014000a100        0x0 /usr/lib/gcc/x86_64-w64-mingw32/13.1.0/../../../../x86_64-w64-mingw32/lib/../lib/libkernel32.a(libkernel32s01128.o)
 .data          0x000000014000a100        0x0 /usr/lib/gcc/x86_64-w64-mingw32/13.1.0/../../../../x86_64-w64-mingw32/lib/../lib/libkernel32.a(libkernel32s01075.o)
 .data          0x000000014000a100        0x0 /usr/lib/gcc/x86_64-w64-mingw32/13.1.0/../../../../x86_64-w64-mingw32/lib/../lib/libkernel32.a(libkernel32s01033.o)
 .data          0x000000014000a100        0x0 /usr/lib/gcc/x86_64-w64-mingw32/13.1.0/../../../../x86_64-w64-mingw32/lib/../lib/libkernel32.a(libkernel32s00985.o)
 .data          0x000000014000a100        0x0 /usr/lib/gcc/x86_64-w64-mingw32/13.1.0/../../../../x86_64-w64-mingw32/lib/../lib/libkernel32.a(libkernel32s00981.o)
 .data          0x000000014000a100        0x0 /usr/lib/gcc/x86_64-w64-mingw32/13.1.0/../../../../x86_64-w64-mingw32/lib/../lib/libkernel32.a(libkernel32s00916.o)
 .data          0x000000014000a100        0x0 /usr/lib/gcc/x86_64-w64-mingw32/13.1.0/../../../../x86_64-w64-mingw32/lib/../lib/libkernel32.a(libkernel32s00889.o)
 .data          0x000000014000a100        0x0 /usr/lib/gcc/x86_64-w64-mingw32/13.1.0/../../../../x86_64-w64-mingw32/lib/../lib/libkernel32.a(libkernel32s00740.o)
 .data          0x000000014000a100        0x0 /usr/lib/gcc/x86_64-w64-mingw32/13.1.0/../../../../x86_64-w64-mingw32/lib/../lib/libkernel32.a(libkernel32s00707.o)
 .data          0x000000014000a100        0x0 /usr/lib/gcc/x86_64-w64-mingw32/13.1.0/../../../../x86_64-w64-mingw32/lib/../lib/libkernel32.a(libkernel32s00648.o)
 .data          0x000000014000a100        0x0 /usr/lib/gcc/x86_64-w64-mingw32/13.1.0/../../../../x86_64-w64-mingw32/lib/../lib/libkernel32.a(libkernel32s00627.o)
 .data          0x000000014000a100        0x0 /usr/lib/gcc/x86_64-w64-mingw32/13.1.0/../../../../x86_64-w64-mingw32/lib/../lib/libkernel32.a(libkernel32s00607.o)
 .data          0x000000014000a100        0x0 /usr/lib/gcc/x86_64-w64-mingw32/13.1.0/../../../../x86_64-w64-mingw32/lib/../lib/libkernel32.a(libkernel32s00440.o)
 .data          0x000000014000a100        0x0 /usr/lib/gcc/x86_64-w64-mingw32/13.1.0/../../../../x86_64-w64-mingw32/lib/../lib/libkernel32.a(libkernel32s00316.o)
 .data          0x000000014000a100        0x0 /usr/lib/gcc/x86_64-w64-mingw32/13.1.0/../../../../x86_64-w64-mingw32/lib/../lib/libkernel32.a(libkernel32s00280.o)
 .data          0x000000014000a100        0x0 /usr/lib/gcc/x86_64-w64-mingw32/13.1.0/../../../../x86_64-w64-mingw32/lib/../lib/libkernel32.a(libkernel32s00203.o)
 .data          0x000000014000a100        0x0 /usr/lib/gcc/x86_64-w64-mingw32/13.1.0/../../../../x86_64-w64-mingw32/lib/../lib/libkernel32.a(libkernel32s00140.o)
 .data          0x000000014000a100        0x0 /usr/lib/gcc/x86_64-w64-mingw32/13.1.0/../../../../x86_64-w64-mingw32/lib/../lib/libkernel32.a(libkernel32h.o)
 .data          0x000000014000a100        0x0 /usr/lib/gcc/x86_64-w64-mingw32/13.1.0/../../../../x86_64-w64-mingw32/lib/../lib/libkernel32.a(libkernel32t.o)
 .data          0x000000014000a100        0x0 /usr/lib/gcc/x86_64-w64-mingw32/13.1.0/../../../../x86_64-w64-mingw32/lib/../lib/libuser32.a(libuser32s00896.o)
 .data          0x000000014000a100        0x0 /usr/lib/gcc/x86_64-w64-mingw32/13.1.0/../../../../x86_64-w64-mingw32/lib/../lib/libuser32.a(libuser32s00695.o)
 .data          0x000000014000a100        0x0 /usr/lib/gcc/x86_64-w64-mingw32/13.1.0/../../../../x86_64-w64-mingw32/lib/../lib/libuser32.a(libuser32s00649.o)
 .data          0x000000014000a100        0x0 /usr/lib/gcc/x86_64-w64-mingw32/13.1.0/../../../../x86_64-w64-mingw32/lib/../lib/libuser32.a(libuser32s00318.o)
 .data          0x000000014000a100        0x0 /usr/lib/gcc/x86_64-w64-mingw32/13.1.0/../../../../x86_64-w64-mingw32/lib/../lib/libuser32.a(libuser32s00303.o)
 .data          0x000000014000a100        0x0 /usr/lib/gcc/x86_64-w64-mingw32/13.1.0/../../../../x86_64-w64-mingw32/lib/../lib/libuser32.a(libuser32s00240.o)
 .data          0x000000014000a100        0x0 /usr/lib/gcc/x86_64-w64-mingw32/13.1.0/../../../../x86_64-w64-mingw32/lib/../lib/libuser32.a(libuser32s00184.o)
 .data          0x000000014000a100        0x0 /usr/lib/gcc/x86_64-w64-mingw32/13.1.0/../../../../x86_64-w64-mingw32/lib/../lib/libuser32.a(libuser32s00163.o)
 .data          0x000000014000a100        0x0 /usr/lib/gcc/x86_64-w64-mingw32/13.1.0/../../../../x86_64-w64-mingw32/lib/../lib/libuser32.a(libuser32s00114.o)
 .data          0x000000014000a100        0x0 /usr/lib/gcc/x86_64-w64-mingw32/13.1.0/../../../../x86_64-w64-mingw32/lib/../lib/libuser32.a(libuser32s00016.o)
 .data          0x000000014000a100        0x0 /usr/lib/gcc/x86_64-w64-mingw32/13.1.0/../../../../x86_64-w64-mingw32/lib/../lib/libuser32.a(libuser32h.o)
 .data          0x000000014000a100        0x0 /usr/lib/gcc/x86_64-w64-mingw32/13.1.0/../../../../x86_64-w64-mingw32/lib/../lib/libuser32.a(libuser32t.o)
 .data          0x000000014000a100        0x0 /usr/lib/gcc/x86_64-w64-mingw32/13.1.0/crtend.o
 *(.data2)
 *(SORT_BY_NAME(.data$*))
 *(.jcr)
                0x000000014000a100                __data_end__ = .
 *(.data_cygwin_nocopy)

.rdata          0x000000014000b000     0x1200
 *(.rdata)
 .rdata         0x000000014000b000       0x50 /usr/lib/gcc/x86_64-w64-mingw32/13.1.0/crtbegin.o
 .rdata         0x000000014000b050      0x320 /tmp/ccjwpHaC.o
 .rdata         0x000000014000b370       0x10 /usr/lib/gcc/x86_64-w64-mingw32/13.1.0/../../../../x86_64-w64-mingw32/lib/../lib/libmingw32.a(lib64_libmingw32_a-crtexewin.o)
 .rdata         0x000000014000b380       0x60 /usr/lib/gcc/x86_64-w64-mingw32/13.1.0/../../../../x86_64-w64-mingw32/lib/../lib/libmingw32.a(lib64_libmingw32_a-tlssup.o)
                0x000000014000b380                __dyn_tls_init_callback
                0x000000014000b3a0                _tls_used
 .rdata         0x000000014000b3e0      0x140 /usr/lib/gcc/x86_64-w64-mingw32/13.1.0/../../../../x86_64-w64-mingw32/lib/../lib/libmingw32.a(lib64_libmingw32_a-merr.o)
 .rdata         0x000000014000b520      0x160 /usr/lib/gcc/x86_64-w64-mingw32/13.1.0/../../../../x86_64-w64-mingw32/lib/../lib/libmingw32.a(lib64_libmingw32_a-pseudo-reloc.o)
 .rdata         0x000000014000b680       0x30 /usr/lib/gcc/x86_64-w64-mingw32/13.1.0/../../../../x86_64-w64-mingw32/lib/../lib/libmingw32.a(lib64_libmingw32_a-crt_handler.o)
 .rdata         0x000000014000b6b0      0x190 /usr/lib/gcc/x86_64-w64-mingw32/13.1.0/../../../../x86_64-w64-mingw32/lib/../lib/libmingwex.a(lib64_libmingwex_a-mingw_pformat.o)
 .rdata         0x000000014000b840       0x10 /usr/lib/gcc/x86_64-w64-mingw32/13.1.0/../../../../x86_64-w64-mingw32/lib/../lib/libmingwex.a(lib64_libmingwex_a-sin.o)
 .rdata         0x000000014000b850       0x90 /usr/lib/gcc/x86_64-w64-mingw32/13.1.0/../../../../x86_64-w64-mingw32/lib/../lib/libmingwex.a(lib64_libmingwex_a-gdtoa.o)
 .rdata         0x000000014000b8e0      0x160 /usr/lib/gcc/x86_64-w64-mingw32/13.1.0/../../../../x86_64-w64-mingw32/lib/../lib/libmingwex.a(lib64_libmingwex_a-misc.o)
                0x000000014000b900                __tens_D2A
                0x000000014000b9c0                __tinytens_D2A
                0x000000014000ba00                __bigtens_D2A
 *(SORT_BY_NAME(.rdata$*))
 .rdata$.refptr._CRT_MT
                0x000000014000ba40       0x10 /usr/lib/gcc/x86_64-w64-mingw32/13.1.0/../../../../x86_64-w64-mingw32/lib/../lib/libmingw32.a(lib64_libmingw32_a-tlssup.o)
                0x000000014000ba40                .refptr._CRT_MT
 .rdata$.refptr._MINGW_INSTALL_DEBUG_MATHERR
                0x000000014000ba50       0x10 /usr/lib/gcc/x86_64-w64-mingw32/13.1.0/../../../../x86_64-w64-mingw32/lib/../lib/crt2.o
                0x000000014000ba50                .refptr._MINGW_INSTALL_DEBUG_MATHERR
 .rdata$.refptr.__CTOR_LIST__
                0x000000014000ba60       0x10 /usr/lib/gcc/x86_64-w64-mingw32/13.1.0/../../../../x86_64-w64-mingw32/lib/../lib/libmingw32.a(lib64_libmingw32_a-gccmain.o)
                0x000000014000ba60                .refptr.__CTOR_LIST__
 .rdata$.refptr.__RUNTIME_PSEUDO_RELOC_LIST_END__
                0x000000014000ba70       0x10 /usr/lib/gcc/x86_64-w64-mingw32/13.1.0/../../../../x86_64-w64-mingw32/lib/../lib/libmingw32.a(lib64_libmingw32_a-pseudo-reloc.o)
                0x000000014000ba70                .refptr.__RUNTIME_PSEUDO_RELOC_LIST_END__
 .rdata$.refptr.__RUNTIME_PSEUDO_RELOC_LIST__
                0x000000014000ba80       0x10 /usr/lib/gcc/x86_64-w64-mingw32/13.1.0/../../../../x86_64-w64-mingw32/lib/../lib/libmingw32.a(lib64_libmingw32_a-pseudo-reloc.o)
                0x000000014000ba80                .refptr.__RUNTIME_PSEUDO_RELOC_LIST__
 .rdata$.refptr.__dyn_tls_init_callback
                0x000000014000ba90       0x10 /usr/lib/gcc/x86_64-w64-mingw32/13.1.0/../../../../x86_64-w64-mingw32/lib/../lib/crt2.o
                0x000000014000ba90                .refptr.__dyn_tls_init_callback
 .rdata$.refptr.__image_base__
                0x000000014000baa0       0x10 /usr/lib/gcc/x86_64-w64-mingw32/13.1.0/../../../../x86_64-w64-mingw32/lib/../lib/crt2.o
                0x000000014000baa0                .refptr.__image_base__
 .rdata$.refptr.__imp___initenv
                0x000000014000bab0       0x10 /usr/lib/gcc/x86_64-w64-mingw32/13.1.0/../../../../x86_64-w64-mingw32/lib/../lib/crt2.o
                0x000000014000bab0                .refptr.__imp___initenv
 .rdata$.refptr.__imp__acmdln
                0x000000014000bac0       0x10 /usr/lib/gcc/x86_64-w64-mingw32/13.1.0/../../../../x86_64-w64-mingw32/lib/../lib/libmsvcrt.a(lib64_libmsvcrt_extra_a-__p__acmdln.o)
                0x000000014000bac0                .refptr.__imp__acmdln
 .rdata$.refptr.__imp__commode
                0x000000014000bad0       0x10 /usr/lib/gcc/x86_64-w64-mingw32/13.1.0/../../../../x86_64-w64-mingw32/lib/../lib/libmsvcrt.a(lib64_libmsvcrt_extra_a-__p__commode.o)
                0x000000014000bad0                .refptr.__imp__commode
 .rdata$.refptr.__imp__fmode
                0x000000014000bae0       0x10 /usr/lib/gcc/x86_64-w64-mingw32/13.1.0/../../../../x86_64-w64-mingw32/lib/../lib/libmsvcrt.a(lib64_libmsvcrt_extra_a-__p__fmode.o)
                0x000000014000bae0                .refptr.__imp__fmode
 .rdata$.refptr.__mingw_app_type
                0x000000014000baf0       0x10 /usr/lib/gcc/x86_64-w64-mingw32/13.1.0/../../../../x86_64-w64-mingw32/lib/../lib/crt2.o
                0x000000014000baf0                .refptr.__mingw_app_type
 .rdata$.refptr.__mingw_initltsdrot_force
                0x000000014000bb00       0x10 /usr/lib/gcc/x86_64-w64-mingw32/13.1.0/../../../../x86_64-w64-mingw32/lib/../lib/crt2.o
                0x000000014000bb00                .refptr.__mingw_initltsdrot_force
 .rdata$.refptr.__mingw_initltsdyn_force
                0x000000014000bb10       0x10 /usr/lib/gcc/x86_64-w64-mingw32/13.1.0/../../../../x86_64-w64-mingw32/lib/../lib/crt2.o
                0x000000014000bb10                .refptr.__mingw_initltsdyn_force
 .rdata$.refptr.__mingw_initltssuo_force
                0x000000014000bb20       0x10 /usr/lib/gcc/x86_64-w64-mingw32/13.1.0/../../../../x86_64-w64-mingw32/lib/../lib/crt2.o
                0x000000014000bb20                .refptr.__mingw_initltssuo_force
 .rdata$.refptr.__mingw_oldexcpt_handler
                0x000000014000bb30       0x10 /usr/lib/gcc/x86_64-w64-mingw32/13.1.0/../../../../x86_64-w64-mingw32/lib/../lib/crt2.o
                0x000000014000bb30                .refptr.__mingw_oldexcpt_handler
 .rdata$.refptr.__native_startup_lock
                0x000000014000bb40       0x10 /usr/lib/gcc/x86_64-w64-mingw32/13.1.0/../../../../x86_64-w64-mingw32/lib/../lib/crt2.o
                0x000000014000bb40                .refptr.__native_startup_lock
 .rdata$.refptr.__native_startup_state
                0x000000014000bb50       0x10 /usr/lib/gcc/x86_64-w64-mingw32/13.1.0/../../../../x86_64-w64-mingw32/lib/../lib/crt2.o
                0x000000014000bb50                .refptr.__native_startup_state
 .rdata$.refptr.__tens_D2A
                0x000000014000bb60       0x10 /usr/lib/gcc/x86_64-w64-mingw32/13.1.0/../../../../x86_64-w64-mingw32/lib/../lib/libmingwex.a(lib64_libmingwex_a-gdtoa.o)
                0x000000014000bb60                .refptr.__tens_D2A
 .rdata$.refptr.__xc_a
                0x000000014000bb70       0x10 /usr/lib/gcc/x86_64-w64-mingw32/13.1.0/../../../../x86_64-w64-mingw32/lib/../lib/crt2.o
                0x000000014000bb70                .refptr.__xc_a
 .rdata$.refptr.__xc_z
                0x000000014000bb80       0x10 /usr/lib/gcc/x86_64-w64-mingw32/13.1.0/../../../../x86_64-w64-mingw32/lib/../lib/crt2.o
                0x000000014000bb80                .refptr.__xc_z
 .rdata$.refptr.__xi_a
                0x000000014000bb90       0x10 /usr/lib/gcc/x86_64-w64-mingw32/13.1.0/../../../../x86_64-w64-mingw32/lib/../lib/crt2.o
                0x000000014000bb90                .refptr.__xi_a
 .rdata$.refptr.__xi_z
                0x000000014000bba0       0x10 /usr/lib/gcc/x86_64-w64-mingw32/13.1.0/../../../../x86_64-w64-mingw32/lib/../lib/crt2.o
                0x000000014000bba0                .refptr.__xi_z
 .rdata$.refptr._commode
                0x000000014000bbb0       0x10 /usr/lib/gcc/x86_64-w64-mingw32/13.1.0/../../../../x86_64-w64-mingw32/lib/../lib/crt2.o
                0x000000014000bbb0                .refptr._commode
 .rdata$.refptr._dowildcard
                0x000000014000bbc0       0x10 /usr/lib/gcc/x86_64-w64-mingw32/13.1.0/../../../../x86_64-w64-mingw32/lib/../lib/crt2.o
                0x000000014000bbc0                .refptr._dowildcard
 .rdata$.refptr._fmode
                0x000000014000bbd0       0x10 /usr/lib/gcc/x86_64-w64-mingw32/13.1.0/../../../../x86_64-w64-mingw32/lib/../lib/crt2.o
                0x000000014000bbd0                .refptr._fmode
 .rdata$.refptr._gnu_exception_handler
                0x000000014000bbe0       0x10 /usr/lib/gcc/x86_64-w64-mingw32/13.1.0/../../../../x86_64-w64-mingw32/lib/../lib/crt2.o
                0x000000014000bbe0                .refptr._gnu_exception_handler
 .rdata$.refptr._matherr
                0x000000014000bbf0       0x10 /usr/lib/gcc/x86_64-w64-mingw32/13.1.0/../../../../x86_64-w64-mingw32/lib/../lib/crt2.o
                0x000000014000bbf0                .refptr._matherr
 .rdata$.refptr._newmode
                0x000000014000bc00       0x10 /usr/lib/gcc/x86_64-w64-mingw32/13.1.0/../../../../x86_64-w64-mingw32/lib/../lib/crt2.o
                0x000000014000bc00                .refptr._newmode
 .rdata$zzz     0x000000014000bc10       0x20 /usr/lib/gcc/x86_64-w64-mingw32/13.1.0/../../../../x86_64-w64-mingw32/lib/../lib/crt2.o
 .rdata$zzz     0x000000014000bc30       0x20 /usr/lib/gcc/x86_64-w64-mingw32/13.1.0/crtbegin.o
 .rdata$zzz     0x000000014000bc50       0x20 /tmp/ccjwpHaC.o
 .rdata$zzz     0x000000014000bc70       0x20 /usr/lib/gcc/x86_64-w64-mingw32/13.1.0/../../../../x86_64-w64-mingw32/lib/../lib/libmingw32.a(lib64_libmingw32_a-crtexewin.o)
 .rdata$zzz     0x000000014000bc90       0x20 /usr/lib/gcc/x86_64-w64-mingw32/13.1.0/../../../../x86_64-w64-mingw32/lib/../lib/libmingw32.a(lib64_libmingw32_a-gccmain.o)
 .rdata$zzz     0x000000014000bcb0       0x20 /usr/lib/gcc/x86_64-w64-mingw32/13.1.0/../../../../x86_64-w64-mingw32/lib/../lib/libmingw32.a(lib64_libmingw32_a-natstart.o)
 .rdata$zzz     0x000000014000bcd0       0x20 /usr/lib/gcc/x86_64-w64-mingw32/13.1.0/../../../../x86_64-w64-mingw32/lib/../lib/libmingw32.a(lib64_libmingw32_a-wildcard.o)
 .rdata$zzz     0x000000014000bcf0       0x20 /usr/lib/gcc/x86_64-w64-mingw32/13.1.0/../../../../x86_64-w64-mingw32/lib/../lib/libmingw32.a(lib64_libmingw32_a-dllargv.o)
 .rdata$zzz     0x000000014000bd10       0x20 /usr/lib/gcc/x86_64-w64-mingw32/13.1.0/../../../../x86_64-w64-mingw32/lib/../lib/libmingw32.a(lib64_libmingw32_a-_newmode.o)
 .rdata$zzz     0x000000014000bd30       0x20 /usr/lib/gcc/x86_64-w64-mingw32/13.1.0/../../../../x86_64-w64-mingw32/lib/../lib/libmingw32.a(lib64_libmingw32_a-tlssup.o)
 .rdata$zzz     0x000000014000bd50       0x20 /usr/lib/gcc/x86_64-w64-mingw32/13.1.0/../../../../x86_64-w64-mingw32/lib/../lib/libmingw32.a(lib64_libmingw32_a-xncommod.o)
 .rdata$zzz     0x000000014000bd70       0x20 /usr/lib/gcc/x86_64-w64-mingw32/13.1.0/../../../../x86_64-w64-mingw32/lib/../lib/libmingw32.a(lib64_libmingw32_a-cinitexe.o)
 .rdata$zzz     0x000000014000bd90       0x20 /usr/lib/gcc/x86_64-w64-mingw32/13.1.0/../../../../x86_64-w64-mingw32/lib/../lib/libmingw32.a(lib64_libmingw32_a-merr.o)
 .rdata$zzz     0x000000014000bdb0       0x20 /usr/lib/gcc/x86_64-w64-mingw32/13.1.0/../../../../x86_64-w64-mingw32/lib/../lib/libmingw32.a(lib64_libmingw32_a-CRT_fp10.o)
 .rdata$zzz     0x000000014000bdd0       0x20 /usr/lib/gcc/x86_64-w64-mingw32/13.1.0/../../../../x86_64-w64-mingw32/lib/../lib/libmingw32.a(lib64_libmingw32_a-mingw_helpers.o)
 .rdata$zzz     0x000000014000bdf0       0x20 /usr/lib/gcc/x86_64-w64-mingw32/13.1.0/../../../../x86_64-w64-mingw32/lib/../lib/libmingw32.a(lib64_libmingw32_a-pseudo-reloc.o)
 .rdata$zzz     0x000000014000be10       0x20 /usr/lib/gcc/x86_64-w64-mingw32/13.1.0/../../../../x86_64-w64-mingw32/lib/../lib/libmingw32.a(lib64_libmingw32_a-usermatherr.o)
 .rdata$zzz     0x000000014000be30       0x20 /usr/lib/gcc/x86_64-w64-mingw32/13.1.0/../../../../x86_64-w64-mingw32/lib/../lib/libmingw32.a(lib64_libmingw32_a-xtxtmode.o)
 .rdata$zzz     0x000000014000be50       0x20 /usr/lib/gcc/x86_64-w64-mingw32/13.1.0/../../../../x86_64-w64-mingw32/lib/../lib/libmingw32.a(lib64_libmingw32_a-crt_handler.o)
 .rdata$zzz     0x000000014000be70       0x20 /usr/lib/gcc/x86_64-w64-mingw32/13.1.0/../../../../x86_64-w64-mingw32/lib/../lib/libmingw32.a(lib64_libmingw32_a-tlsthrd.o)
 .rdata$zzz     0x000000014000be90       0x20 /usr/lib/gcc/x86_64-w64-mingw32/13.1.0/../../../../x86_64-w64-mingw32/lib/../lib/libmingw32.a(lib64_libmingw32_a-tlsmcrt.o)
 .rdata$zzz     0x000000014000beb0       0x20 /usr/lib/gcc/x86_64-w64-mingw32/13.1.0/../../../../x86_64-w64-mingw32/lib/../lib/libmingw32.a(lib64_libmingw32_a-pseudo-reloc-list.o)
 .rdata$zzz     0x000000014000bed0       0x20 /usr/lib/gcc/x86_64-w64-mingw32/13.1.0/../../../../x86_64-w64-mingw32/lib/../lib/libmingw32.a(lib64_libmingw32_a-pesect.o)
 .rdata$zzz     0x000000014000bef0       0x20 /usr/lib/gcc/x86_64-w64-mingw32/13.1.0/libgcc.a(_ctors.o)
 .rdata$zzz     0x000000014000bf10       0x20 /usr/lib/gcc/x86_64-w64-mingw32/13.1.0/../../../../x86_64-w64-mingw32/lib/../lib/libmingwex.a(lib64_libmingwex_a-mingw_matherr.o)
 .rdata$zzz     0x000000014000bf30       0x20 /usr/lib/gcc/x86_64-w64-mingw32/13.1.0/../../../../x86_64-w64-mingw32/lib/../lib/libmingwex.a(lib64_libmingwex_a-mingw_vfprintf.o)
 .rdata$zzz     0x000000014000bf50       0x20 /usr/lib/gcc/x86_64-w64-mingw32/13.1.0/../../../../x86_64-w64-mingw32/lib/../lib/libmingwex.a(lib64_libmingwex_a-sinf.o)
 .rdata$zzz     0x000000014000bf70       0x20 /usr/lib/gcc/x86_64-w64-mingw32/13.1.0/../../../../x86_64-w64-mingw32/lib/../lib/libmingwex.a(lib64_libmingwex_a-mingw_pformat.o)
 .rdata$zzz     0x000000014000bf90       0x20 /usr/lib/gcc/x86_64-w64-mingw32/13.1.0/../../../../x86_64-w64-mingw32/lib/../lib/libmingwex.a(lib64_libmingwex_a-sin.o)
 .rdata$zzz     0x000000014000bfb0       0x20 /usr/lib/gcc/x86_64-w64-mingw32/13.1.0/../../../../x86_64-w64-mingw32/lib/../lib/libmingwex.a(lib64_libmingwex_a-dmisc.o)
 .rdata$zzz     0x000000014000bfd0       0x20 /usr/lib/gcc/x86_64-w64-mingw32/13.1.0/../../../../x86_64-w64-mingw32/lib/../lib/libmingwex.a(lib64_libmingwex_a-gdtoa.o)
 .rdata$zzz     0x000000014000bff0       0x20 /usr/lib/gcc/x86_64-w64-mingw32/13.1.0/../../../../x86_64-w64-mingw32/lib/../lib/libmingwex.a(lib64_libmingwex_a-gmisc.o)
 .rdata$zzz     0x000000014000c010       0x20 /usr/lib/gcc/x86_64-w64-mingw32/13.1.0/../../../../x86_64-w64-mingw32/lib/../lib/libmingwex.a(lib64_libmingwex_a-misc.o)
 .rdata$zzz     0x000000014000c030       0x20 /usr/lib/gcc/x86_64-w64-mingw32/13.1.0/../../../../x86_64-w64-mingw32/lib/../lib/libmingwex.a(lib64_libmingwex_a-strnlen.o)
 .rdata$zzz     0x000000014000c050       0x20 /usr/lib/gcc/x86_64-w64-mingw32/13.1.0/../../../../x86_64-w64-mingw32/lib/../lib/libmingwex.a(lib64_libmingwex_a-wcsnlen.o)
 .rdata$zzz     0x000000014000c070       0x20 /usr/lib/gcc/x86_64-w64-mingw32/13.1.0/../../../../x86_64-w64-mingw32/lib/../lib/libmsvcrt.a(lib64_libmsvcrt_extra_a-__p__fmode.o)
 .rdata$zzz     0x000000014000c090       0x20 /usr/lib/gcc/x86_64-w64-mingw32/13.1.0/../../../../x86_64-w64-mingw32/lib/../lib/libmsvcrt.a(lib64_libmsvcrt_extra_a-__p__commode.o)
 .rdata$zzz     0x000000014000c0b0       0x20 /usr/lib/gcc/x86_64-w64-mingw32/13.1.0/../../../../x86_64-w64-mingw32/lib/../lib/libmsvcrt.a(lib64_libmsvcrt_extra_a-__p__acmdln.o)
 .rdata$zzz     0x000000014000c0d0       0x20 /usr/lib/gcc/x86_64-w64-mingw32/13.1.0/../../../../x86_64-w64-mingw32/lib/../lib/libmsvcrt.a(lib64_libmsvcrt_extra_a-mingw_lock.o)
 .rdata$zzz     0x000000014000c0f0       0x20 /usr/lib/gcc/x86_64-w64-mingw32/13.1.0/../../../../x86_64-w64-mingw32/lib/../lib/libmsvcrt.a(lib64_libmsvcrt_extra_a-invalid_parameter_handler.o)
 .rdata$zzz     0x000000014000c110       0x20 /usr/lib/gcc/x86_64-w64-mingw32/13.1.0/../../../../x86_64-w64-mingw32/lib/../lib/libmsvcrt.a(lib64_libmsvcrt_common_a-acrt_iob_func.o)
 .rdata$zzz     0x000000014000c130       0x20 /usr/lib/gcc/x86_64-w64-mingw32/13.1.0/../../../../x86_64-w64-mingw32/lib/../lib/libmsvcrt.a(lib64_libmsvcrt_common_a-wcrtomb.o)
 .rdata$zzz     0x000000014000c150       0x20 /usr/lib/gcc/x86_64-w64-mingw32/13.1.0/../../../../x86_64-w64-mingw32/lib/../lib/libmsvcrt.a(lib64_libmsvcrt_common_a-mbrtowc.o)
 .rdata$zzz     0x000000014000c170       0x20 /usr/lib/gcc/x86_64-w64-mingw32/13.1.0/crtend.o
                0x000000014000c190                . = ALIGN (0x4)
                0x000000014000c190                __rt_psrelocs_start = .
 *(.rdata_runtime_pseudo_reloc)
                0x000000014000c190                __rt_psrelocs_end = .
                0x0000000000000000                __rt_psrelocs_size = (__rt_psrelocs_end - __rt_psrelocs_start)
                0x000000014000c190                ___RUNTIME_PSEUDO_RELOC_LIST_END__ = .
                0x000000014000c190                __RUNTIME_PSEUDO_RELOC_LIST_END__ = .
                0x000000014000c190                ___RUNTIME_PSEUDO_RELOC_LIST__ = (. - __rt_psrelocs_size)
                0x000000014000c190                __RUNTIME_PSEUDO_RELOC_LIST__ = (. - __rt_psrelocs_size)

.eh_frame       0x000000014000d000      0x200
 *(.eh_frame*)
 .eh_frame      0x000000014000d000        0x0 /usr/lib/gcc/x86_64-w64-mingw32/13.1.0/crtbegin.o
 .eh_frame      0x000000014000d000        0x4 /usr/lib/gcc/x86_64-w64-mingw32/13.1.0/crtend.o

.pdata          0x000000014000e000      0x600
 *(.pdata*)
 .pdata         0x000000014000e000       0x54 /usr/lib/gcc/x86_64-w64-mingw32/13.1.0/../../../../x86_64-w64-mingw32/lib/../lib/crt2.o
 .pdata         0x000000014000e054       0x30 /usr/lib/gcc/x86_64-w64-mingw32/13.1.0/crtbegin.o
 .pdata         0x000000014000e084       0x30 /tmp/ccjwpHaC.o
 .pdata$_Z6printfPKcz
                0x000000014000e0b4        0xc /tmp/ccjwpHaC.o
 .pdata.startup
                0x000000014000e0c0        0xc /usr/lib/gcc/x86_64-w64-mingw32/13.1.0/../../../../x86_64-w64-mingw32/lib/../lib/libmingw32.a(lib64_libmingw32_a-crtexewin.o)
 .pdata         0x000000014000e0cc       0x24 /usr/lib/gcc/x86_64-w64-mingw32/13.1.0/../../../../x86_64-w64-mingw32/lib/../lib/libmingw32.a(lib64_libmingw32_a-gccmain.o)
 .pdata         0x000000014000e0f0        0xc /usr/lib/gcc/x86_64-w64-mingw32/13.1.0/../../../../x86_64-w64-mingw32/lib/../lib/libmingw32.a(lib64_libmingw32_a-dllargv.o)
 .pdata         0x000000014000e0fc       0x24 /usr/lib/gcc/x86_64-w64-mingw32/13.1.0/../../../../x86_64-w64-mingw32/lib/../lib/libmingw32.a(lib64_libmingw32_a-tlssup.o)
 .pdata         0x000000014000e120        0xc /usr/lib/gcc/x86_64-w64-mingw32/13.1.0/../../../../x86_64-w64-mingw32/lib/../lib/libmingw32.a(lib64_libmingw32_a-merr.o)
 .pdata         0x000000014000e12c        0xc /usr/lib/gcc/x86_64-w64-mingw32/13.1.0/../../../../x86_64-w64-mingw32/lib/../lib/libmingw32.a(lib64_libmingw32_a-CRT_fp10.o)
 .pdata         0x000000014000e138       0x24 /usr/lib/gcc/x86_64-w64-mingw32/13.1.0/../../../../x86_64-w64-mingw32/lib/../lib/libmingw32.a(lib64_libmingw32_a-pseudo-reloc.o)
 .pdata         0x000000014000e15c       0x18 /usr/lib/gcc/x86_64-w64-mingw32/13.1.0/../../../../x86_64-w64-mingw32/lib/../lib/libmingw32.a(lib64_libmingw32_a-usermatherr.o)
 .pdata         0x000000014000e174        0xc /usr/lib/gcc/x86_64-w64-mingw32/13.1.0/../../../../x86_64-w64-mingw32/lib/../lib/libmingw32.a(lib64_libmingw32_a-crt_handler.o)
 .pdata         0x000000014000e180       0x30 /usr/lib/gcc/x86_64-w64-mingw32/13.1.0/../../../../x86_64-w64-mingw32/lib/../lib/libmingw32.a(lib64_libmingw32_a-tlsthrd.o)
 .pdata         0x000000014000e1b0       0x6c /usr/lib/gcc/x86_64-w64-mingw32/13.1.0/../../../../x86_64-w64-mingw32/lib/../lib/libmingw32.a(lib64_libmingw32_a-pesect.o)
 .pdata         0x000000014000e21c        0xc /usr/lib/gcc/x86_64-w64-mingw32/13.1.0/../../../../x86_64-w64-mingw32/lib/../lib/libmingwex.a(lib64_libmingwex_a-mingw_vfprintf.o)
 .pdata         0x000000014000e228        0xc /usr/lib/gcc/x86_64-w64-mingw32/13.1.0/../../../../x86_64-w64-mingw32/lib/../lib/libmingwex.a(lib64_libmingwex_a-sinf.o)
 .pdata         0x000000014000e234       0xc0 /usr/lib/gcc/x86_64-w64-mingw32/13.1.0/../../../../x86_64-w64-mingw32/lib/../lib/libmingwex.a(lib64_libmingwex_a-mingw_pformat.o)
 .pdata         0x000000014000e2f4        0xc /usr/lib/gcc/x86_64-w64-mingw32/13.1.0/../../../../x86_64-w64-mingw32/lib/../lib/libmingwex.a(lib64_libmingwex_a-sin.o)
 .pdata         0x000000014000e300       0x30 /usr/lib/gcc/x86_64-w64-mingw32/13.1.0/../../../../x86_64-w64-mingw32/lib/../lib/libmingwex.a(lib64_libmingwex_a-dmisc.o)
 .pdata         0x000000014000e330        0xc /usr/lib/gcc/x86_64-w64-mingw32/13.1.0/../../../../x86_64-w64-mingw32/lib/../lib/libmingwex.a(lib64_libmingwex_a-gdtoa.o)
 .pdata         0x000000014000e33c       0x18 /usr/lib/gcc/x86_64-w64-mingw32/13.1.0/../../../../x86_64-w64-mingw32/lib/../lib/libmingwex.a(lib64_libmingwex_a-gmisc.o)
 .pdata         0x000000014000e354       0xa8 /usr/lib/gcc/x86_64-w64-mingw32/13.1.0/../../../../x86_64-w64-mingw32/lib/../lib/libmingwex.a(lib64_libmingwex_a-misc.o)
 .pdata         0x000000014000e3fc        0xc /usr/lib/gcc/x86_64-w64-mingw32/13.1.0/../../../../x86_64-w64-mingw32/lib/../lib/libmingwex.a(lib64_libmingwex_a-strnlen.o)
 .pdata         0x000000014000e408        0xc /usr/lib/gcc/x86_64-w64-mingw32/13.1.0/../../../../x86_64-w64-mingw32/lib/../lib/libmingwex.a(lib64_libmingwex_a-wcsnlen.o)
 .pdata         0x000000014000e414        0xc /usr/lib/gcc/x86_64-w64-mingw32/13.1.0/../../../../x86_64-w64-mingw32/lib/../lib/libmsvcrt.a(lib64_libmsvcrt_extra_a-__p__fmode.o)
 .pdata         0x000000014000e420        0xc /usr/lib/gcc/x86_64-w64-mingw32/13.1.0/../../../../x86_64-w64-mingw32/lib/../lib/libmsvcrt.a(lib64_libmsvcrt_extra_a-__p__commode.o)
 .pdata         0x000000014000e42c        0xc /usr/lib/gcc/x86_64-w64-mingw32/13.1.0/../../../../x86_64-w64-mingw32/lib/../lib/libmsvcrt.a(lib64_libmsvcrt_extra_a-__p__acmdln.o)
 .pdata         0x000000014000e438       0x18 /usr/lib/gcc/x86_64-w64-mingw32/13.1.0/../../../../x86_64-w64-mingw32/lib/../lib/libmsvcrt.a(lib64_libmsvcrt_extra_a-mingw_lock.o)
 .pdata         0x000000014000e450       0x18 /usr/lib/gcc/x86_64-w64-mingw32/13.1.0/../../../../x86_64-w64-mingw32/lib/../lib/libmsvcrt.a(lib64_libmsvcrt_extra_a-invalid_parameter_handler.o)
 .pdata         0x000000014000e468        0xc /usr/lib/gcc/x86_64-w64-mingw32/13.1.0/../../../../x86_64-w64-mingw32/lib/../lib/libmsvcrt.a(lib64_libmsvcrt_common_a-acrt_iob_func.o)
 .pdata         0x000000014000e474       0x24 /usr/lib/gcc/x86_64-w64-mingw32/13.1.0/../../../../x86_64-w64-mingw32/lib/../lib/libmsvcrt.a(lib64_libmsvcrt_common_a-wcrtomb.o)
 .pdata         0x000000014000e498       0x30 /usr/lib/gcc/x86_64-w64-mingw32/13.1.0/../../../../x86_64-w64-mingw32/lib/../lib/libmsvcrt.a(lib64_libmsvcrt_common_a-mbrtowc.o)
 .pdata.startup
                0x000000014000e4c8        0xc /usr/lib/gcc/x86_64-w64-mingw32/13.1.0/crtend.o

.xdata          0x000000014000f000      0x600
 *(.xdata*)
 .xdata         0x000000014000f000       0x6c /usr/lib/gcc/x86_64-w64-mingw32/13.1.0/../../../../x86_64-w64-mingw32/lib/../lib/crt2.o
 .xdata         0x000000014000f06c       0x24 /usr/lib/gcc/x86_64-w64-mingw32/13.1.0/crtbegin.o
 .xdata         0x000000014000f090       0x58 /tmp/ccjwpHaC.o
 .xdata$_Z6printfPKcz
                0x000000014000f0e8        0xc /tmp/ccjwpHaC.o
 .xdata.startup
                0x000000014000f0f4       0x10 /usr/lib/gcc/x86_64-w64-mingw32/13.1.0/../../../../x86_64-w64-mingw32/lib/../lib/libmingw32.a(lib64_libmingw32_a-crtexewin.o)
 .xdata         0x000000014000f104       0x18 /usr/lib/gcc/x86_64-w64-mingw32/13.1.0/../../../../x86_64-w64-mingw32/lib/../lib/libmingw32.a(lib64_libmingw32_a-gccmain.o)
 .xdata         0x000000014000f11c        0x4 /usr/lib/gcc/x86_64-w64-mingw32/13.1.0/../../../../x86_64-w64-mingw32/lib/../lib/libmingw32.a(lib64_libmingw32_a-dllargv.o)
 .xdata         0x000000014000f120       0x18 /usr/lib/gcc/x86_64-w64-mingw32/13.1.0/../../../../x86_64-w64-mingw32/lib/../lib/libmingw32.a(lib64_libmingw32_a-tlssup.o)
 .xdata         0x000000014000f138       0x18 /usr/lib/gcc/x86_64-w64-mingw32/13.1.0/../../../../x86_64-w64-mingw32/lib/../lib/libmingw32.a(lib64_libmingw32_a-merr.o)
 .xdata         0x000000014000f150        0x4 /usr/lib/gcc/x86_64-w64-mingw32/13.1.0/../../../../x86_64-w64-mingw32/lib/../lib/libmingw32.a(lib64_libmingw32_a-CRT_fp10.o)
 .xdata         0x000000014000f154       0x30 /usr/lib/gcc/x86_64-w64-mingw32/13.1.0/../../../../x86_64-w64-mingw32/lib/../lib/libmingw32.a(lib64_libmingw32_a-pseudo-reloc.o)
 .xdata         0x000000014000f184        0xc /usr/lib/gcc/x86_64-w64-mingw32/13.1.0/../../../../x86_64-w64-mingw32/lib/../lib/libmingw32.a(lib64_libmingw32_a-usermatherr.o)
 .xdata         0x000000014000f190        0x8 /usr/lib/gcc/x86_64-w64-mingw32/13.1.0/../../../../x86_64-w64-mingw32/lib/../lib/libmingw32.a(lib64_libmingw32_a-crt_handler.o)
 .xdata         0x000000014000f198       0x30 /usr/lib/gcc/x86_64-w64-mingw32/13.1.0/../../../../x86_64-w64-mingw32/lib/../lib/libmingw32.a(lib64_libmingw32_a-tlsthrd.o)
 .xdata         0x000000014000f1c8       0x2c /usr/lib/gcc/x86_64-w64-mingw32/13.1.0/../../../../x86_64-w64-mingw32/lib/../lib/libmingw32.a(lib64_libmingw32_a-pesect.o)
 .xdata         0x000000014000f1f4        0xc /usr/lib/gcc/x86_64-w64-mingw32/13.1.0/../../../../x86_64-w64-mingw32/lib/../lib/libmingwex.a(lib64_libmingwex_a-mingw_vfprintf.o)
 .xdata         0x000000014000f200        0x8 /usr/lib/gcc/x86_64-w64-mingw32/13.1.0/../../../../x86_64-w64-mingw32/lib/../lib/libmingwex.a(lib64_libmingwex_a-sinf.o)
 .xdata         0x000000014000f208       0xf8 /usr/lib/gcc/x86_64-w64-mingw32/13.1.0/../../../../x86_64-w64-mingw32/lib/../lib/libmingwex.a(lib64_libmingwex_a-mingw_pformat.o)
 .xdata         0x000000014000f300        0xc /usr/lib/gcc/x86_64-w64-mingw32/13.1.0/../../../../x86_64-w64-mingw32/lib/../lib/libmingwex.a(lib64_libmingwex_a-sin.o)
 .xdata         0x000000014000f30c       0x30 /usr/lib/gcc/x86_64-w64-mingw32/13.1.0/../../../../x86_64-w64-mingw32/lib/../lib/libmingwex.a(lib64_libmingwex_a-dmisc.o)
 .xdata         0x000000014000f33c       0x18 /usr/lib/gcc/x86_64-w64-mingw32/13.1.0/../../../../x86_64-w64-mingw32/lib/../lib/libmingwex.a(lib64_libmingwex_a-gdtoa.o)
 .xdata         0x000000014000f354       0x14 /usr/lib/gcc/x86_64-w64-mingw32/13.1.0/../../../../x86_64-w64-mingw32/lib/../lib/libmingwex.a(lib64_libmingwex_a-gmisc.o)
 .xdata         0x000000014000f368       0xb0 /usr/lib/gcc/x86_64-w64-mingw32/13.1.0/../../../../x86_64-w64-mingw32/lib/../lib/libmingwex.a(lib64_libmingwex_a-misc.o)
 .xdata         0x000000014000f418        0x4 /usr/lib/gcc/x86_64-w64-mingw32/13.1.0/../../../../x86_64-w64-mingw32/lib/../lib/libmingwex.a(lib64_libmingwex_a-strnlen.o)
 .xdata         0x000000014000f41c        0x4 /usr/lib/gcc/x86_64-w64-mingw32/13.1.0/../../../../x86_64-w64-mingw32/lib/../lib/libmingwex.a(lib64_libmingwex_a-wcsnlen.o)
 .xdata         0x000000014000f420        0x4 /usr/lib/gcc/x86_64-w64-mingw32/13.1.0/../../../../x86_64-w64-mingw32/lib/../lib/libmsvcrt.a(lib64_libmsvcrt_extra_a-__p__fmode.o)
 .xdata         0x000000014000f424        0x4 /usr/lib/gcc/x86_64-w64-mingw32/13.1.0/../../../../x86_64-w64-mingw32/lib/../lib/libmsvcrt.a(lib64_libmsvcrt_extra_a-__p__commode.o)
 .xdata         0x000000014000f428        0x4 /usr/lib/gcc/x86_64-w64-mingw32/13.1.0/../../../../x86_64-w64-mingw32/lib/../lib/libmsvcrt.a(lib64_libmsvcrt_extra_a-__p__acmdln.o)
 .xdata         0x000000014000f42c       0x10 /usr/lib/gcc/x86_64-w64-mingw32/13.1.0/../../../../x86_64-w64-mingw32/lib/../lib/libmsvcrt.a(lib64_libmsvcrt_extra_a-mingw_lock.o)
 .xdata         0x000000014000f43c        0x8 /usr/lib/gcc/x86_64-w64-mingw32/13.1.0/../../../../x86_64-w64-mingw32/lib/../lib/libmsvcrt.a(lib64_libmsvcrt_extra_a-invalid_parameter_handler.o)
 .xdata         0x000000014000f444        0x8 /usr/lib/gcc/x86_64-w64-mingw32/13.1.0/../../../../x86_64-w64-mingw32/lib/../lib/libmsvcrt.a(lib64_libmsvcrt_common_a-acrt_iob_func.o)
 .xdata         0x000000014000f44c       0x28 /usr/lib/gcc/x86_64-w64-mingw32/13.1.0/../../../../x86_64-w64-mingw32/lib/../lib/libmsvcrt.a(lib64_libmsvcrt_common_a-wcrtomb.o)
 .xdata         0x000000014000f474       0x40 /usr/lib/gcc/x86_64-w64-mingw32/13.1.0/../../../../x86_64-w64-mingw32/lib/../lib/libmsvcrt.a(lib64_libmsvcrt_common_a-mbrtowc.o)
 .xdata.startup
                0x000000014000f4b4        0x4 /usr/lib/gcc/x86_64-w64-mingw32/13.1.0/crtend.o

.bss            0x0000000140010000      0xc60
                0x0000000140010000                __bss_start__ = .
 *(.bss)
 .bss           0x0000000140010000       0x30 /usr/lib/gcc/x86_64-w64-mingw32/13.1.0/../../../../x86_64-w64-mingw32/lib/../lib/crt2.o
                0x0000000140010000                __mingw_module_is_dll
 *fill*         0x0000000140010030       0x10 
 .bss           0x0000000140010040       0x60 /usr/lib/gcc/x86_64-w64-mingw32/13.1.0/crtbegin.o
                0x0000000140010040                hmod_libgcc
 .bss           0x00000001400100a0       0x80 /tmp/ccjwpHaC.o
 .bss           0x0000000140010120        0x0 /usr/lib/gcc/x86_64-w64-mingw32/13.1.0/../../../../x86_64-w64-mingw32/lib/../lib/libgdi32.a(libgdi32s00930.o)
 .bss           0x0000000140010120        0x0 /usr/lib/gcc/x86_64-w64-mingw32/13.1.0/../../../../x86_64-w64-mingw32/lib/../lib/libgdi32.a(libgdi32h.o)
 .bss           0x0000000140010120        0x0 /usr/lib/gcc/x86_64-w64-mingw32/13.1.0/../../../../x86_64-w64-mingw32/lib/../lib/libgdi32.a(libgdi32t.o)
 .bss           0x0000000140010120        0x0 /usr/lib/gcc/x86_64-w64-mingw32/13.1.0/../../../../x86_64-w64-mingw32/lib/../lib/libmingw32.a(lib64_libmingw32_a-crtexewin.o)
 .bss           0x0000000140010120       0x10 /usr/lib/gcc/x86_64-w64-mingw32/13.1.0/../../../../x86_64-w64-mingw32/lib/../lib/libmingw32.a(lib64_libmingw32_a-gccmain.o)
 .bss           0x0000000140010130       0x10 /usr/lib/gcc/x86_64-w64-mingw32/13.1.0/../../../../x86_64-w64-mingw32/lib/../lib/libmingw32.a(lib64_libmingw32_a-natstart.o)
                0x0000000140010130                __native_startup_lock
                0x0000000140010138                __native_startup_state
 .bss           0x0000000140010140        0x0 /usr/lib/gcc/x86_64-w64-mingw32/13.1.0/../../../../x86_64-w64-mingw32/lib/../lib/libmingw32.a(lib64_libmingw32_a-wildcard.o)
 .bss           0x0000000140010140        0x0 /usr/lib/gcc/x86_64-w64-mingw32/13.1.0/../../../../x86_64-w64-mingw32/lib/../lib/libmingw32.a(lib64_libmingw32_a-dllargv.o)
 .bss           0x0000000140010140       0x10 /usr/lib/gcc/x86_64-w64-mingw32/13.1.0/../../../../x86_64-w64-mingw32/lib/../lib/libmingw32.a(lib64_libmingw32_a-_newmode.o)
                0x0000000140010140                _newmode
 .bss           0x0000000140010150       0x10 /usr/lib/gcc/x86_64-w64-mingw32/13.1.0/../../../../x86_64-w64-mingw32/lib/../lib/libmingw32.a(lib64_libmingw32_a-tlssup.o)
                0x0000000140010150                __mingw_initltssuo_force
                0x0000000140010154                __mingw_initltsdyn_force
                0x0000000140010158                __mingw_initltsdrot_force
                0x000000014001015c                _tls_index
 .bss           0x0000000140010160       0x10 /usr/lib/gcc/x86_64-w64-mingw32/13.1.0/../../../../x86_64-w64-mingw32/lib/../lib/libmingw32.a(lib64_libmingw32_a-xncommod.o)
                0x0000000140010160                _commode
 .bss           0x0000000140010170        0x0 /usr/lib/gcc/x86_64-w64-mingw32/13.1.0/../../../../x86_64-w64-mingw32/lib/../lib/libmingw32.a(lib64_libmingw32_a-cinitexe.o)
 .bss           0x0000000140010170        0x0 /usr/lib/gcc/x86_64-w64-mingw32/13.1.0/../../../../x86_64-w64-mingw32/lib/../lib/libmingw32.a(lib64_libmingw32_a-merr.o)
 .bss           0x0000000140010170        0x0 /usr/lib/gcc/x86_64-w64-mingw32/13.1.0/../../../../x86_64-w64-mingw32/lib/../lib/libmingw32.a(lib64_libmingw32_a-CRT_fp10.o)
 .bss           0x0000000140010170       0x10 /usr/lib/gcc/x86_64-w64-mingw32/13.1.0/../../../../x86_64-w64-mingw32/lib/../lib/libmingw32.a(lib64_libmingw32_a-mingw_helpers.o)
                0x0000000140010170                __mingw_app_type
 .bss           0x0000000140010180       0x10 /usr/lib/gcc/x86_64-w64-mingw32/13.1.0/../../../../x86_64-w64-mingw32/lib/../lib/libmingw32.a(lib64_libmingw32_a-pseudo-reloc.o)
 .bss           0x0000000140010190       0x10 /usr/lib/gcc/x86_64-w64-mingw32/13.1.0/../../../../x86_64-w64-mingw32/lib/../lib/libmingw32.a(lib64_libmingw32_a-usermatherr.o)
 .bss           0x00000001400101a0       0x10 /usr/lib/gcc/x86_64-w64-mingw32/13.1.0/../../../../x86_64-w64-mingw32/lib/../lib/libmingw32.a(lib64_libmingw32_a-xtxtmode.o)
                0x00000001400101a0                _fmode
 .bss           0x00000001400101b0       0x10 /usr/lib/gcc/x86_64-w64-mingw32/13.1.0/../../../../x86_64-w64-mingw32/lib/../lib/libmingw32.a(lib64_libmingw32_a-crt_handler.o)
                0x00000001400101b0                __mingw_oldexcpt_handler
 .bss           0x00000001400101c0       0x60 /usr/lib/gcc/x86_64-w64-mingw32/13.1.0/../../../../x86_64-w64-mingw32/lib/../lib/libmingw32.a(lib64_libmingw32_a-tlsthrd.o)
 .bss           0x0000000140010220        0x0 /usr/lib/gcc/x86_64-w64-mingw32/13.1.0/../../../../x86_64-w64-mingw32/lib/../lib/libmingw32.a(lib64_libmingw32_a-tlsmcrt.o)
 .bss           0x0000000140010220       0x10 /usr/lib/gcc/x86_64-w64-mingw32/13.1.0/../../../../x86_64-w64-mingw32/lib/../lib/libmingw32.a(lib64_libmingw32_a-pseudo-reloc-list.o)
 .bss           0x0000000140010230        0x0 /usr/lib/gcc/x86_64-w64-mingw32/13.1.0/../../../../x86_64-w64-mingw32/lib/../lib/libmingw32.a(lib64_libmingw32_a-pesect.o)
 .bss           0x0000000140010230        0x0 /usr/lib/gcc/x86_64-w64-mingw32/13.1.0/libgcc.a(_chkstk_ms.o)
 .bss           0x0000000140010230       0x20 /usr/lib/gcc/x86_64-w64-mingw32/13.1.0/libgcc.a(_ctors.o)
 .bss           0x0000000140010250        0x0 /usr/lib/gcc/x86_64-w64-mingw32/13.1.0/../../../../x86_64-w64-mingw32/lib/../lib/libmingwex.a(lib64_libmingwex_a-mingw_matherr.o)
 .bss           0x0000000140010250        0x0 /usr/lib/gcc/x86_64-w64-mingw32/13.1.0/../../../../x86_64-w64-mingw32/lib/../lib/libmingwex.a(lib64_libmingwex_a-mingw_vfprintf.o)
 .bss           0x0000000140010250        0x0 /usr/lib/gcc/x86_64-w64-mingw32/13.1.0/../../../../x86_64-w64-mingw32/lib/../lib/libmingwex.a(lib64_libmingwex_a-sinf.o)
 .bss           0x0000000140010250        0x0 /usr/lib/gcc/x86_64-w64-mingw32/13.1.0/../../../../x86_64-w64-mingw32/lib/../lib/libmingwex.a(lib64_libmingwex_a-mingw_pformat.o)
 .bss           0x0000000140010250        0x0 /usr/lib/gcc/x86_64-w64-mingw32/13.1.0/../../../../x86_64-w64-mingw32/lib/../lib/libmingwex.a(lib64_libmingwex_a-sin.o)
 .bss           0x0000000140010250        0x0 /usr/lib/gcc/x86_64-w64-mingw32/13.1.0/../../../../x86_64-w64-mingw32/lib/../lib/libmingwex.a(lib64_libmingwex_a-sinl_internal.o)
 .bss           0x0000000140010250        0x0 /usr/lib/gcc/x86_64-w64-mingw32/13.1.0/../../../../x86_64-w64-mingw32/lib/../lib/libmingwex.a(lib64_libmingwex_a-dmisc.o)
 .bss           0x0000000140010250        0x0 /usr/lib/gcc/x86_64-w64-mingw32/13.1.0/../../../../x86_64-w64-mingw32/lib/../lib/libmingwex.a(lib64_libmingwex_a-gdtoa.o)
 .bss           0x0000000140010250        0x0 /usr/lib/gcc/x86_64-w64-mingw32/13.1.0/../../../../x86_64-w64-mingw32/lib/../lib/libmingwex.a(lib64_libmingwex_a-gmisc.o)
 *fill*         0x0000000140010250       0x10 
 .bss           0x0000000140010260      0x9e0 /usr/lib/gcc/x86_64-w64-mingw32/13.1.0/../../../../x86_64-w64-mingw32/lib/../lib/libmingwex.a(lib64_libmingwex_a-misc.o)
 .bss           0x0000000140010c40        0x0 /usr/lib/gcc/x86_64-w64-mingw32/13.1.0/../../../../x86_64-w64-mingw32/lib/../lib/libmingwex.a(lib64_libmingwex_a-strnlen.o)
 .bss           0x0000000140010c40        0x0 /usr/lib/gcc/x86_64-w64-mingw32/13.1.0/../../../../x86_64-w64-mingw32/lib/../lib/libmingwex.a(lib64_libmingwex_a-wcsnlen.o)
 .bss           0x0000000140010c40        0x0 /usr/lib/gcc/x86_64-w64-mingw32/13.1.0/../../../../x86_64-w64-mingw32/lib/../lib/libmsvcrt.a(lib64_libmsvcrt_extra_a-__p__fmode.o)
 .bss           0x0000000140010c40        0x0 /usr/lib/gcc/x86_64-w64-mingw32/13.1.0/../../../../x86_64-w64-mingw32/lib/../lib/libmsvcrt.a(lib64_libmsvcrt_extra_a-__p__commode.o)
 .bss           0x0000000140010c40        0x0 /usr/lib/gcc/x86_64-w64-mingw32/13.1.0/../../../../x86_64-w64-mingw32/lib/../lib/libmsvcrt.a(lib64_libmsvcrt_extra_a-__p__acmdln.o)